\BOOKMARK [0][-]{chapter.1}{\376\377\176\352\213\272}{}% 1
\BOOKMARK [1][-]{section.1.1}{\376\377\170\024\172\166\200\314\146\157}{chapter.1}% 2
\BOOKMARK [1][-]{section.1.2}{\376\377\126\375\121\205\131\026\170\024\172\166\163\260\162\266}{chapter.1}% 3
\BOOKMARK [2][-]{subsection.1.2.1}{\376\377\156\070\142\017\137\025\144\316\116\016\000\040\000H\0005\000\040\137\000\123\321\136\163\123\360\170\024\172\166\163\260\162\266}{section.1.2}% 4
\BOOKMARK [2][-]{subsection.1.2.2}{\376\377\000E\000C\000S\000\040\147\266\147\204\116\016\174\173\136\170\133\130\200\005\163\251\154\325\170\024\172\166\163\260\162\266}{section.1.2}% 5
\BOOKMARK [2][-]{subsection.1.2.3}{\376\377\163\260\147\011\170\024\172\166\116\015\215\263\116\016\147\054\145\207\122\007\121\145\160\271}{section.1.2}% 6
\BOOKMARK [1][-]{section.1.3}{\376\377\213\272\145\207\176\323\147\204}{chapter.1}% 7
\BOOKMARK [1][-]{section.1.4}{\376\377\117\046\164\006\116\016\124\010\211\304\213\364\146\016}{chapter.1}% 8
\BOOKMARK [1][-]{section.1.5}{\376\377\147\054\172\340\134\017\176\323}{chapter.1}% 9
\BOOKMARK [0][-]{chapter.2}{\376\377\166\370\121\163\142\200\147\057\116\016\164\006\213\272\127\372\170\100}{}% 10
\BOOKMARK [1][-]{section.2.1}{\376\377\137\025\144\316\213\355\212\000\220\011\142\351}{chapter.2}% 11
\BOOKMARK [2][-]{subsection.2.1.1}{\376\377\000H\0005\000\040\156\070\142\017\137\025\144\316\220\011\127\213}{section.2.1}% 12
\BOOKMARK [2][-]{subsection.2.1.2}{\376\377\000T\000y\000p\000e\000S\000c\000r\000i\000p\000t\000\040\116\016\135\345\172\013\136\070\221\317\173\241\164\006}{section.2.1}% 13
\BOOKMARK [2][-]{subsection.2.1.3}{\376\377\116\073\137\252\163\257\060\001\230\204\122\066\117\123\116\016\137\025\144\316\117\177\165\050\176\246\147\137}{section.2.1}% 14
\BOOKMARK [1][-]{section.2.2}{\376\377\230\171\166\356\163\251\154\325\147\266\147\204\220\011\142\351}{chapter.2}% 15
\BOOKMARK [2][-]{subsection.2.2.1}{\376\377\000S\000u\000r\000v\000i\000v\000o\000r\000-\000l\000i\000k\000e\000\040\124\301\174\173\116\016\150\070\137\303\137\252\163\257}{section.2.2}% 16
\BOOKMARK [2][-]{subsection.2.2.2}{\376\377\217\173\221\317\133\236\117\123\176\304\116\366\174\373\176\337\377\010\000E\000C\000S\377\011}{section.2.2}% 17
\BOOKMARK [2][-]{subsection.2.2.3}{\376\377\145\160\143\156\232\161\122\250\116\016\000\040\000J\000S\000O\000N\000\040\221\115\210\150}{section.2.2}% 18
\BOOKMARK [2][-]{subsection.2.2.4}{\376\377\000R\000o\000g\000u\000e\000l\000i\000t\000e\000\040\215\321\126\376\116\016\121\163\123\141\176\323\147\204}{section.2.2}% 19
\BOOKMARK [2][-]{subsection.2.2.5}{\376\377\142\030\145\227\140\047\200\375\116\016\133\306\226\306\133\236\117\123\116\377\167\037}{section.2.2}% 20
\BOOKMARK [1][-]{section.2.3}{\376\377\000U\000I\000\040\147\266\147\204\220\011\142\351}{chapter.2}% 21
\BOOKMARK [2][-]{subsection.2.3.1}{\376\377\000M\000V\000C\000\040\122\006\134\102\116\016\121\150\134\117\165\114\227\142\150\010}{section.2.3}% 22
\BOOKMARK [2][-]{subsection.2.3.2}{\376\377\142\030\145\227\121\205\000\040\000U\000I\377\032\000H\000U\000D\060\001\146\202\120\134\116\016\142\200\200\375\210\305\221\115}{section.2.3}% 23
\BOOKMARK [2][-]{subsection.2.3.3}{\376\377\000U\000I\000\040\147\266\147\204\220\011\127\213\166\204\176\374\124\010\213\304\116\367}{section.2.3}% 24
\BOOKMARK [1][-]{section.2.4}{\376\377\147\054\172\340\134\017\176\323}{chapter.2}% 25
\BOOKMARK [0][-]{chapter.3}{\376\377\174\373\176\337\227\000\154\102\122\006\147\220}{}% 26
\BOOKMARK [1][-]{section.3.1}{\376\377\123\357\210\114\140\047\122\006\147\220}{chapter.3}% 27
\BOOKMARK [2][-]{subsection.3.1.1}{\376\377\142\200\147\057\123\357\210\114\140\047}{section.3.1}% 28
\BOOKMARK [2][-]{subsection.3.1.2}{\376\377\176\317\155\116\116\016\171\076\117\032\123\357\210\114\140\047}{section.3.1}% 29
\BOOKMARK [1][-]{section.3.2}{\376\377\165\050\142\067\211\322\202\162\116\016\217\320\210\114\163\257\130\203}{chapter.3}% 30
\BOOKMARK [2][-]{subsection.3.2.1}{\376\377\165\050\142\067\211\322\202\162}{section.3.2}% 31
\BOOKMARK [2][-]{subsection.3.2.2}{\376\377\217\320\210\114\163\257\130\203}{section.3.2}% 32
\BOOKMARK [1][-]{section.3.3}{\376\377\122\237\200\375\140\047\227\000\154\102}{chapter.3}% 33
\BOOKMARK [2][-]{subsection.3.3.1}{\376\377\165\050\117\213\377\032\134\100\121\205\142\030\145\227}{section.3.3}% 34
\BOOKMARK [2][-]{subsection.3.3.2}{\376\377\165\050\117\213\377\032\121\103\156\070\142\017\217\333\121\145\142\030\145\227}{section.3.3}% 35
\BOOKMARK [1][-]{section.3.4}{\376\377\122\237\200\375\227\000\154\102\213\346\176\306\213\364\146\016}{chapter.3}% 36
\BOOKMARK [2][-]{subsection.3.4.1}{\376\377\000E\000C\000S\000\040\150\070\137\303}{section.3.4}% 37
\BOOKMARK [2][-]{subsection.3.4.2}{\376\377\142\030\145\227\116\016\142\200\200\375}{section.3.4}% 38
\BOOKMARK [2][-]{subsection.3.4.3}{\376\377\140\052\162\151\060\001\121\103\156\070\142\017\116\016\000\040\000U\000I}{section.3.4}% 39
\BOOKMARK [1][-]{section.3.5}{\376\377\227\136\122\237\200\375\140\047\227\000\154\102}{chapter.3}% 40
\BOOKMARK [1][-]{section.3.6}{\376\377\145\160\143\156\060\001\143\245\123\343\116\016\176\246\147\137}{chapter.3}% 41
\BOOKMARK [1][-]{section.3.7}{\376\377\227\000\154\102\117\030\121\110\176\247}{chapter.3}% 42
\BOOKMARK [1][-]{section.3.8}{\376\377\227\000\154\102\116\016\155\113\213\325\146\040\134\004}{chapter.3}% 43
\BOOKMARK [1][-]{section.3.9}{\376\377\147\054\172\340\134\017\176\323}{chapter.3}% 44
\BOOKMARK [0][-]{chapter.4}{\376\377\174\373\176\337\140\073\117\123\213\276\213\241}{}% 45
\BOOKMARK [1][-]{section.4.1}{\376\377\213\276\213\241\123\237\122\031}{chapter.4}% 46
\BOOKMARK [1][-]{section.4.2}{\376\377\174\373\176\337\121\167\117\123\213\276\213\241}{chapter.4}% 47
\BOOKMARK [2][-]{subsection.4.2.1}{\376\377\127\372\116\216\000\040\000E\000C\000S\000\040\166\204\000\040\000G\000a\000m\000e\000p\000l\000a\000y\000\040\133\236\163\260}{section.4.2}% 48
\BOOKMARK [2][-]{subsection.4.2.2}{\376\377\127\372\116\216\000\040\000M\000V\000C\000\040\166\204\000\040\000U\000I\000\040\176\323\147\204\133\236\163\260}{section.4.2}% 49
\BOOKMARK [2][-]{subsection.4.2.3}{\376\377\127\372\116\216\000\040\000W\000e\000b\000\040\000W\000o\000r\000k\000e\000r\000\040\124\214\133\371\214\141\154\140\166\204\117\030\123\026\133\236\163\260}{section.4.2}% 50
\BOOKMARK [1][-]{section.4.3}{\376\377\174\373\176\337\116\244\116\222\116\016\145\366\136\217}{chapter.4}% 51
\BOOKMARK [1][-]{section.4.4}{\376\377\123\357\227\140\140\047\213\276\213\241}{chapter.4}% 52
\BOOKMARK [1][-]{section.4.5}{\376\377\133\271\225\031\116\016\226\115\176\247\173\126\165\145}{chapter.4}% 53
\BOOKMARK [1][-]{section.4.6}{\376\377\123\357\142\151\134\125\140\047\213\276\213\241}{chapter.4}% 54
\BOOKMARK [1][-]{section.4.7}{\376\377\147\054\172\340\134\017\176\323}{chapter.4}% 55
\BOOKMARK [0][-]{chapter.5}{\376\377\150\070\137\303\152\041\127\127\213\346\176\306\213\276\213\241\116\016\133\236\163\260}{}% 56
\BOOKMARK [1][-]{section.5.1}{\376\377\000E\000C\000S\000\040\147\266\147\204\000\040\000G\000a\000m\000e\000P\000l\000a\000y\000\040\133\236\163\260}{chapter.5}% 57
\BOOKMARK [2][-]{subsection.5.1.1}{\376\377\116\026\165\114\060\001\176\304\116\366\116\016\173\133\220\011\126\150}{section.5.1}% 58
\BOOKMARK [2][-]{subsection.5.1.2}{\376\377\134\136\140\047\060\001\171\373\122\250\116\016\201\352\122\250\145\275\154\325}{section.5.1}% 59
\BOOKMARK [2][-]{subsection.5.1.3}{\376\377\142\200\200\375\116\016\145\110\147\234\142\147\210\114\224\376}{section.5.1}% 60
\BOOKMARK [2][-]{subsection.5.1.4}{\376\377\133\120\137\071\170\260\144\236\116\016\140\052\162\151\000\040\000A\000I}{section.5.1}% 61
\BOOKMARK [2][-]{subsection.5.1.5}{\376\377\176\317\232\214\060\001\123\107\176\247\116\016\121\103\156\070\142\017\145\160\143\156}{section.5.1}% 62
\BOOKMARK [1][-]{section.5.2}{\376\377\000M\000V\000C\000\040\147\266\147\204\000\040\000U\000I\000\040\133\236\163\260}{chapter.5}% 63
\BOOKMARK [2][-]{subsection.5.2.1}{\376\377\000U\000I\000\040\150\010\116\016\121\103\156\070\142\017\165\114\227\142}{section.5.2}% 64
\BOOKMARK [2][-]{subsection.5.2.2}{\376\377\142\030\145\227\000\040\000H\000U\000D\000\040\116\016\142\200\200\375\210\305\221\115}{section.5.2}% 65
\BOOKMARK [2][-]{subsection.5.2.3}{\376\377\217\223\121\145\116\016\221\315\124\057\227\142\147\177}{section.5.2}% 66
\BOOKMARK [1][-]{section.5.3}{\376\377\000W\000e\000b\000\040\000W\000o\000r\000k\000e\000r\000\040\124\214\133\371\214\141\154\140\166\204\117\030\123\026\133\236\163\260}{chapter.5}% 67
\BOOKMARK [1][-]{section.5.4}{\376\377\156\070\142\017\116\073\137\252\163\257\213\276\213\241}{chapter.5}% 68
\BOOKMARK [2][-]{subsection.5.4.1}{\376\377\121\145\123\343\116\016\221\115\177\156\145\366\136\217}{section.5.4}% 69
\BOOKMARK [2][-]{subsection.5.4.2}{\376\377\000S\000i\000m\000p\000l\000e\000E\000c\000s\000D\000e\000m\000o\000\040\147\204\220\040\116\016\000\040\000i\000n\000i\000t}{section.5.4}% 70
\BOOKMARK [2][-]{subsection.5.4.3}{\376\377\136\047\137\252\163\257\116\016\146\202\120\134}{section.5.4}% 71
\BOOKMARK [1][-]{section.5.5}{\376\377\121\170\127\213\127\072\146\157\133\236\163\260\122\126\147\220}{chapter.5}% 72
\BOOKMARK [2][-]{subsection.5.5.1}{\376\377\127\072\146\157\116\000\377\032\163\251\133\266\231\226\153\041\217\333\121\145\142\030\145\227}{section.5.5}% 73
\BOOKMARK [2][-]{subsection.5.5.2}{\376\377\127\072\146\157\116\214\377\032\000T\000a\000b\000\040\142\123\137\000\142\200\200\375\227\142\147\177\136\166\146\364\143\142\210\305\131\007}{section.5.5}% 74
\BOOKMARK [2][-]{subsection.5.5.3}{\376\377\127\072\146\157\116\011\377\032\140\052\162\151\133\306\226\306\145\366\166\204\000\040\000W\000o\000r\000k\000e\000r\000\040\123\170\217\175}{section.5.5}% 75
\BOOKMARK [1][-]{section.5.6}{\376\377\121\163\225\056\116\343\170\001\145\207\116\366\175\042\137\025}{chapter.5}% 76
\BOOKMARK [1][-]{section.5.7}{\376\377\122\237\200\375\152\041\127\127\116\016\213\272\145\207\172\340\202\202\133\371\161\147}{chapter.5}% 77
\BOOKMARK [1][-]{section.5.8}{\376\377\147\054\172\340\134\017\176\323}{chapter.5}% 78
\BOOKMARK [0][-]{chapter.6}{\376\377\140\047\200\375\117\030\123\026\116\016\135\345\172\013\133\236\215\365}{}% 79
\BOOKMARK [1][-]{section.6.1}{\376\377\140\047\200\375\166\356\150\007\116\016\164\366\230\210}{chapter.6}% 80
\BOOKMARK [1][-]{section.6.2}{\376\377\133\371\214\141\154\140}{chapter.6}% 81
\BOOKMARK [1][-]{section.6.3}{\376\377\000W\000e\000b\000\040\000W\000o\000r\000k\000e\000r\000\040\123\170\217\175}{chapter.6}% 82
\BOOKMARK [1][-]{section.6.4}{\376\377\156\062\147\323\116\016\220\073\217\221\117\247\121\166\133\203\117\030\123\026}{chapter.6}% 83
\BOOKMARK [1][-]{section.6.5}{\376\377\136\047\230\204\173\227\116\016\121\205\133\130}{chapter.6}% 84
\BOOKMARK [1][-]{section.6.6}{\376\377\140\047\200\375\133\236\232\214\213\276\213\241}{chapter.6}% 85
\BOOKMARK [2][-]{subsection.6.6.1}{\376\377\133\236\232\214\166\356\166\204\116\016\123\330\221\317}{section.6.6}% 86
\BOOKMARK [2][-]{subsection.6.6.2}{\376\377\133\236\232\214\153\145\232\244}{section.6.6}% 87
\BOOKMARK [2][-]{subsection.6.6.3}{\376\377\117\030\123\026\201\352\150\300\156\005\123\125}{section.6.6}% 88
\BOOKMARK [1][-]{section.6.7}{\376\377\176\377\202\162\213\241\173\227\116\016\121\174\133\271\140\047}{chapter.6}% 89
\BOOKMARK [1][-]{section.6.8}{\376\377\147\054\172\340\134\017\176\323}{chapter.6}% 90
\BOOKMARK [0][-]{chapter.7}{\376\377\174\373\176\337\155\113\213\325\116\016\232\214\213\301}{}% 91
\BOOKMARK [1][-]{section.7.1}{\376\377\155\113\213\325\173\126\165\145}{chapter.7}% 92
\BOOKMARK [1][-]{section.7.2}{\376\377\123\125\121\103\232\214\213\301}{chapter.7}% 93
\BOOKMARK [2][-]{subsection.7.2.1}{\376\377\000E\000C\000S\000\040\150\070\137\303}{section.7.2}% 94
\BOOKMARK [2][-]{subsection.7.2.2}{\376\377\121\154\137\017\211\343\147\220\126\150}{section.7.2}% 95
\BOOKMARK [2][-]{subsection.7.2.3}{\376\377\134\136\140\047\117\356\231\160\126\150}{section.7.2}% 96
\BOOKMARK [1][-]{section.7.3}{\376\377\122\237\200\375\155\113\213\325}{chapter.7}% 97
\BOOKMARK [2][-]{subsection.7.3.1}{\376\377\226\306\142\020\155\113\213\325\210\145\121\105}{section.7.3}% 98
\BOOKMARK [1][-]{section.7.4}{\376\377\140\047\200\375\155\113\213\325}{chapter.7}% 99
\BOOKMARK [2][-]{subsection.7.4.1}{\376\377\155\113\213\325\163\257\130\203}{section.7.4}% 100
\BOOKMARK [2][-]{subsection.7.4.2}{\376\377\122\250\140\001\126\376\226\306\133\371\153\324\377\010\122\115\116\011\154\342\377\011}{section.7.4}% 101
\BOOKMARK [2][-]{subsection.7.4.3}{\376\377\116\224\154\342\133\214\145\164\136\047\163\207}{section.7.4}% 102
\BOOKMARK [2][-]{subsection.7.4.4}{\376\377\133\371\214\141\154\140\155\210\207\215\377\010\173\054\000\040\0004\040\023\0005\000\040\154\342\377\011}{section.7.4}% 103
\BOOKMARK [1][-]{section.7.5}{\376\377\174\373\176\337\217\320\210\114\142\052\126\376}{chapter.7}% 104
\BOOKMARK [1][-]{section.7.6}{\376\377\155\113\213\325\176\323\213\272}{chapter.7}% 105
\BOOKMARK [1][-]{section.7.7}{\376\377\147\054\172\340\134\017\176\323}{chapter.7}% 106
\BOOKMARK [0][-]{chapter.8}{\376\377\140\073\176\323\116\016\134\125\147\033}{}% 107
\BOOKMARK [1][-]{section.8.1}{\376\377\135\345\117\134\140\073\176\323}{chapter.8}% 108
\BOOKMARK [1][-]{section.8.2}{\376\377\116\015\215\263\116\016\134\125\147\033}{chapter.8}% 109
\BOOKMARK [1][-]{section.8.3}{\376\377\171\076\117\032\060\001\120\145\136\267\116\016\145\207\123\026\137\161\124\315}{chapter.8}% 110
\BOOKMARK [1][-]{section.8.4}{\376\377\176\377\202\162\202\202\200\375\116\016\121\174\133\271\140\047}{chapter.8}% 111
\BOOKMARK [1][-]{section.8.5}{\376\377\147\054\172\340\134\017\176\323}{chapter.8}% 112
\BOOKMARK [0][-]{chapter*.30}{\376\377\201\364\214\042}{}% 113
\BOOKMARK [0][-]{chapter*.32}{\376\377\226\104\137\125}{}% 114
\BOOKMARK [0][-]{appendix.A}{\376\377\124\015\213\315\147\057\213\355\123\312\177\051\165\145\213\315}{}% 115
\BOOKMARK [0][-]{appendix.B}{\376\377\150\070\137\303\221\115\210\150\133\127\153\265\171\072\117\213\377\010\202\202\220\011\377\011}{}% 116
\BOOKMARK [0][-]{appendix.C}{\376\377\227\000\154\102\116\016\155\113\213\325\165\050\117\213\146\040\134\004\377\010\202\202\220\011\377\011}{}% 117
\BOOKMARK [0][-]{appendix.D}{\376\377\177\072\226\167\213\260\137\125\377\010\230\171\166\356\133\236\155\113\377\011}{}% 118
