This is XeTeX, Version 3.141592653-2.6-0.999998 (MiKTeX 26.5) (preloaded format=xelatex 2026.5.19)  19 MAY 2026 20:32
entering extended mode
 restricted \write18 enabled.
 %&-line parsing enabled.
**./main.tex
(main.tex
LaTeX2e <2025-11-01>
L3 programming layer <2026-03-20>
(C:\Users\admin\AppData\Local\Programs\MiKTeX\tex/latex/ctex\ctexrep.cls
(C:\Users\admin\AppData\Local\Programs\MiKTeX\tex/latex/ctex/config\ctexbackend
.cfg
File: ctexbackend.cfg 2022/07/14 v2.5.10 Backend configuration file (CTEX)
)
(C:\Users\admin\AppData\Local\Programs\MiKTeX\tex/latex/l3kernel\expl3.sty
Package: expl3 2026-03-20 L3 programming layer (loader) 

(C:\Users\admin\AppData\Local\Programs\MiKTeX\tex/latex/l3backend\l3backend-xet
ex.def
File: l3backend-xetex.def 2026-02-18 L3 backend support: XeTeX
\g__graphics_track_int=\count271
\g__pdfannot_backend_int=\count272
\g__pdfannot_backend_link_int=\count273
))
Document Class: ctexrep 2022/07/14 v2.5.10 Chinese adapter for class report (CT
EX)
(C:\Users\admin\AppData\Local\Programs\MiKTeX\tex/latex/ctex\ctexhook.sty
Package: ctexhook 2022/07/14 v2.5.10 Document and package hooks (CTEX)
)
(C:\Users\admin\AppData\Local\Programs\MiKTeX\tex/latex/ctex\ctexpatch.sty
Package: ctexpatch 2022/07/14 v2.5.10 Patching commands (CTEX)
)
(C:\Users\admin\AppData\Local\Programs\MiKTeX\tex/latex/base\fix-cm.sty
Package: fix-cm 2020/11/24 v1.1t fixes to LaTeX

(C:\Users\admin\AppData\Local\Programs\MiKTeX\tex/latex/base\ts1enc.def
File: ts1enc.def 2001/06/05 v3.0e (jk/car/fm) Standard LaTeX file
LaTeX Font Info:    Redeclaring font encoding TS1 on input line 47.
LaTeX Encoding Info:    Redeclaring text command \capitalcedilla (encoding TS1)
 on input line 49.
LaTeX Encoding Info:    Redeclaring text command \capitalogonek (encoding TS1) 
on input line 52.
LaTeX Encoding Info:    Redeclaring text command \capitalgrave (encoding TS1) o
n input line 55.
LaTeX Encoding Info:    Redeclaring text command \capitalacute (encoding TS1) o
n input line 56.
LaTeX Encoding Info:    Redeclaring text command \capitalcircumflex (encoding T
S1) on input line 57.
LaTeX Encoding Info:    Redeclaring text command \capitaltilde (encoding TS1) o
n input line 58.
LaTeX Encoding Info:    Redeclaring text command \capitaldieresis (encoding TS1
) on input line 59.
LaTeX Encoding Info:    Redeclaring text command \capitalhungarumlaut (encoding
 TS1) on input line 60.
LaTeX Encoding Info:    Redeclaring text command \capitalring (encoding TS1) on
 input line 61.
LaTeX Encoding Info:    Redeclaring text command \capitalcaron (encoding TS1) o
n input line 62.
LaTeX Encoding Info:    Redeclaring text command \capitalbreve (encoding TS1) o
n input line 63.
LaTeX Encoding Info:    Redeclaring text command \capitalmacron (encoding TS1) 
on input line 64.
LaTeX Encoding Info:    Redeclaring text command \capitaldotaccent (encoding TS
1) on input line 65.
LaTeX Encoding Info:    Redeclaring text command \t (encoding TS1) on input lin
e 66.
LaTeX Encoding Info:    Redeclaring text command \capitaltie (encoding TS1) on 
input line 67.
LaTeX Encoding Info:    Redeclaring text command \newtie (encoding TS1) on inpu
t line 68.
LaTeX Encoding Info:    Redeclaring text command \capitalnewtie (encoding TS1) 
on input line 69.
LaTeX Encoding Info:    Redeclaring text symbol \textcapitalcompwordmark (encod
ing TS1) on input line 70.
LaTeX Encoding Info:    Redeclaring text symbol \textascendercompwordmark (enco
ding TS1) on input line 71.
LaTeX Encoding Info:    Redeclaring text symbol \textquotestraightbase (encodin
g TS1) on input line 72.
LaTeX Encoding Info:    Redeclaring text symbol \textquotestraightdblbase (enco
ding TS1) on input line 73.
LaTeX Encoding Info:    Redeclaring text symbol \texttwelveudash (encoding TS1)
 on input line 74.
LaTeX Encoding Info:    Redeclaring text symbol \textthreequartersemdash (encod
ing TS1) on input line 75.
LaTeX Encoding Info:    Redeclaring text symbol \textleftarrow (encoding TS1) o
n input line 76.
LaTeX Encoding Info:    Redeclaring text symbol \textrightarrow (encoding TS1) 
on input line 77.
LaTeX Encoding Info:    Redeclaring text symbol \textblank (encoding TS1) on in
put line 78.
LaTeX Encoding Info:    Redeclaring text symbol \textdollar (encoding TS1) on i
nput line 79.
LaTeX Encoding Info:    Redeclaring text symbol \textquotesingle (encoding TS1)
 on input line 80.
LaTeX Encoding Info:    Redeclaring text command \textasteriskcentered (encodin
g TS1) on input line 81.
LaTeX Encoding Info:    Redeclaring text symbol \textdblhyphen (encoding TS1) o
n input line 92.
LaTeX Encoding Info:    Redeclaring text symbol \textfractionsolidus (encoding 
TS1) on input line 93.
LaTeX Encoding Info:    Redeclaring text symbol \textzerooldstyle (encoding TS1
) on input line 94.
LaTeX Encoding Info:    Redeclaring text symbol \textoneoldstyle (encoding TS1)
 on input line 95.
LaTeX Encoding Info:    Redeclaring text symbol \texttwooldstyle (encoding TS1)
 on input line 96.
LaTeX Encoding Info:    Redeclaring text symbol \textthreeoldstyle (encoding TS
1) on input line 97.
LaTeX Encoding Info:    Redeclaring text symbol \textfouroldstyle (encoding TS1
) on input line 98.
LaTeX Encoding Info:    Redeclaring text symbol \textfiveoldstyle (encoding TS1
) on input line 99.
LaTeX Encoding Info:    Redeclaring text symbol \textsixoldstyle (encoding TS1)
 on input line 100.
LaTeX Encoding Info:    Redeclaring text symbol \textsevenoldstyle (encoding TS
1) on input line 101.
LaTeX Encoding Info:    Redeclaring text symbol \texteightoldstyle (encoding TS
1) on input line 102.
LaTeX Encoding Info:    Redeclaring text symbol \textnineoldstyle (encoding TS1
) on input line 103.
LaTeX Encoding Info:    Redeclaring text symbol \textlangle (encoding TS1) on i
nput line 104.
LaTeX Encoding Info:    Redeclaring text symbol \textminus (encoding TS1) on in
put line 105.
LaTeX Encoding Info:    Redeclaring text symbol \textrangle (encoding TS1) on i
nput line 106.
LaTeX Encoding Info:    Redeclaring text symbol \textmho (encoding TS1) on inpu
t line 107.
LaTeX Encoding Info:    Redeclaring text symbol \textbigcircle (encoding TS1) o
n input line 108.
LaTeX Encoding Info:    Redeclaring text command \textcircled (encoding TS1) on
 input line 109.
LaTeX Encoding Info:    Redeclaring text symbol \textohm (encoding TS1) on inpu
t line 115.
LaTeX Encoding Info:    Redeclaring text symbol \textlbrackdbl (encoding TS1) o
n input line 116.
LaTeX Encoding Info:    Redeclaring text symbol \textrbrackdbl (encoding TS1) o
n input line 117.
LaTeX Encoding Info:    Redeclaring text symbol \textuparrow (encoding TS1) on 
input line 118.
LaTeX Encoding Info:    Redeclaring text symbol \textdownarrow (encoding TS1) o
n input line 119.
LaTeX Encoding Info:    Redeclaring text symbol \textasciigrave (encoding TS1) 
on input line 120.
LaTeX Encoding Info:    Redeclaring text symbol \textborn (encoding TS1) on inp
ut line 121.
LaTeX Encoding Info:    Redeclaring text symbol \textdivorced (encoding TS1) on
 input line 122.
LaTeX Encoding Info:    Redeclaring text symbol \textdied (encoding TS1) on inp
ut line 123.
LaTeX Encoding Info:    Redeclaring text symbol \textleaf (encoding TS1) on inp
ut line 124.
LaTeX Encoding Info:    Redeclaring text symbol \textmarried (encoding TS1) on 
input line 125.
LaTeX Encoding Info:    Redeclaring text symbol \textmusicalnote (encoding TS1)
 on input line 126.
LaTeX Encoding Info:    Redeclaring text symbol \texttildelow (encoding TS1) on
 input line 127.
LaTeX Encoding Info:    Redeclaring text symbol \textdblhyphenchar (encoding TS
1) on input line 128.
LaTeX Encoding Info:    Redeclaring text symbol \textasciibreve (encoding TS1) 
on input line 129.
LaTeX Encoding Info:    Redeclaring text symbol \textasciicaron (encoding TS1) 
on input line 130.
LaTeX Encoding Info:    Redeclaring text symbol \textacutedbl (encoding TS1) on
 input line 131.
LaTeX Encoding Info:    Redeclaring text symbol \textgravedbl (encoding TS1) on
 input line 132.
LaTeX Encoding Info:    Redeclaring text symbol \textdagger (encoding TS1) on i
nput line 133.
LaTeX Encoding Info:    Redeclaring text symbol \textdaggerdbl (encoding TS1) o
n input line 134.
LaTeX Encoding Info:    Redeclaring text symbol \textbardbl (encoding TS1) on i
nput line 135.
LaTeX Encoding Info:    Redeclaring text symbol \textperthousand (encoding TS1)
 on input line 136.
LaTeX Encoding Info:    Redeclaring text symbol \textbullet (encoding TS1) on i
nput line 137.
LaTeX Encoding Info:    Redeclaring text symbol \textcelsius (encoding TS1) on 
input line 138.
LaTeX Encoding Info:    Redeclaring text symbol \textdollaroldstyle (encoding T
S1) on input line 139.
LaTeX Encoding Info:    Redeclaring text symbol \textcentoldstyle (encoding TS1
) on input line 140.
LaTeX Encoding Info:    Redeclaring text symbol \textflorin (encoding TS1) on i
nput line 141.
LaTeX Encoding Info:    Redeclaring text symbol \textcolonmonetary (encoding TS
1) on input line 142.
LaTeX Encoding Info:    Redeclaring text symbol \textwon (encoding TS1) on inpu
t line 143.
LaTeX Encoding Info:    Redeclaring text symbol \textnaira (encoding TS1) on in
put line 144.
LaTeX Encoding Info:    Redeclaring text symbol \textguarani (encoding TS1) on 
input line 145.
LaTeX Encoding Info:    Redeclaring text symbol \textpeso (encoding TS1) on inp
ut line 146.
LaTeX Encoding Info:    Redeclaring text symbol \textlira (encoding TS1) on inp
ut line 147.
LaTeX Encoding Info:    Redeclaring text symbol \textrecipe (encoding TS1) on i
nput line 148.
LaTeX Encoding Info:    Redeclaring text symbol \textinterrobang (encoding TS1)
 on input line 149.
LaTeX Encoding Info:    Redeclaring text symbol \textinterrobangdown (encoding 
TS1) on input line 150.
LaTeX Encoding Info:    Redeclaring text symbol \textdong (encoding TS1) on inp
ut line 151.
LaTeX Encoding Info:    Redeclaring text symbol \texttrademark (encoding TS1) o
n input line 152.
LaTeX Encoding Info:    Redeclaring text symbol \textpertenthousand (encoding T
S1) on input line 153.
LaTeX Encoding Info:    Redeclaring text symbol \textpilcrow (encoding TS1) on 
input line 154.
LaTeX Encoding Info:    Redeclaring text symbol \textbaht (encoding TS1) on inp
ut line 155.
LaTeX Encoding Info:    Redeclaring text symbol \textnumero (encoding TS1) on i
nput line 156.
LaTeX Encoding Info:    Redeclaring text symbol \textdiscount (encoding TS1) on
 input line 157.
LaTeX Encoding Info:    Redeclaring text symbol \textestimated (encoding TS1) o
n input line 158.
LaTeX Encoding Info:    Redeclaring text symbol \textopenbullet (encoding TS1) 
on input line 159.
LaTeX Encoding Info:    Redeclaring text symbol \textservicemark (encoding TS1)
 on input line 160.
LaTeX Encoding Info:    Redeclaring text symbol \textlquill (encoding TS1) on i
nput line 161.
LaTeX Encoding Info:    Redeclaring text symbol \textrquill (encoding TS1) on i
nput line 162.
LaTeX Encoding Info:    Redeclaring text symbol \textcent (encoding TS1) on inp
ut line 163.
LaTeX Encoding Info:    Redeclaring text symbol \textsterling (encoding TS1) on
 input line 164.
LaTeX Encoding Info:    Redeclaring text symbol \textcurrency (encoding TS1) on
 input line 165.
LaTeX Encoding Info:    Redeclaring text symbol \textyen (encoding TS1) on inpu
t line 166.
LaTeX Encoding Info:    Redeclaring text symbol \textbrokenbar (encoding TS1) o
n input line 167.
LaTeX Encoding Info:    Redeclaring text symbol \textsection (encoding TS1) on 
input line 168.
LaTeX Encoding Info:    Redeclaring text symbol \textasciidieresis (encoding TS
1) on input line 169.
LaTeX Encoding Info:    Redeclaring text symbol \textcopyright (encoding TS1) o
n input line 170.
LaTeX Encoding Info:    Redeclaring text symbol \textordfeminine (encoding TS1)
 on input line 171.
LaTeX Encoding Info:    Redeclaring text symbol \textcopyleft (encoding TS1) on
 input line 172.
LaTeX Encoding Info:    Redeclaring text symbol \textlnot (encoding TS1) on inp
ut line 173.
LaTeX Encoding Info:    Redeclaring text symbol \textcircledP (encoding TS1) on
 input line 174.
LaTeX Encoding Info:    Redeclaring text symbol \textregistered (encoding TS1) 
on input line 175.
LaTeX Encoding Info:    Redeclaring text symbol \textasciimacron (encoding TS1)
 on input line 176.
LaTeX Encoding Info:    Redeclaring text symbol \textdegree (encoding TS1) on i
nput line 177.
LaTeX Encoding Info:    Redeclaring text symbol \textpm (encoding TS1) on input
 line 178.
LaTeX Encoding Info:    Redeclaring text symbol \texttwosuperior (encoding TS1)
 on input line 179.
LaTeX Encoding Info:    Redeclaring text symbol \textthreesuperior (encoding TS
1) on input line 180.
LaTeX Encoding Info:    Redeclaring text symbol \textasciiacute (encoding TS1) 
on input line 181.
LaTeX Encoding Info:    Redeclaring text symbol \textmu (encoding TS1) on input
 line 182.
LaTeX Encoding Info:    Redeclaring text symbol \textparagraph (encoding TS1) o
n input line 183.
LaTeX Encoding Info:    Redeclaring text symbol \textperiodcentered (encoding T
S1) on input line 184.
LaTeX Encoding Info:    Redeclaring text symbol \textreferencemark (encoding TS
1) on input line 185.
LaTeX Encoding Info:    Redeclaring text symbol \textonesuperior (encoding TS1)
 on input line 186.
LaTeX Encoding Info:    Redeclaring text symbol \textordmasculine (encoding TS1
) on input line 187.
LaTeX Encoding Info:    Redeclaring text symbol \textsurd (encoding TS1) on inp
ut line 188.
LaTeX Encoding Info:    Redeclaring text symbol \textonequarter (encoding TS1) 
on input line 189.
LaTeX Encoding Info:    Redeclaring text symbol \textonehalf (encoding TS1) on 
input line 190.
LaTeX Encoding Info:    Redeclaring text symbol \textthreequarters (encoding TS
1) on input line 191.
LaTeX Encoding Info:    Redeclaring text symbol \texteuro (encoding TS1) on inp
ut line 192.
LaTeX Encoding Info:    Redeclaring text symbol \texttimes (encoding TS1) on in
put line 193.
LaTeX Encoding Info:    Redeclaring text symbol \textdiv (encoding TS1) on inpu
t line 194.
))
\l__ctex_tmp_int=\count274
\l__ctex_tmp_box=\box53
\l__ctex_tmp_dim=\dimen150
\g__ctex_section_depth_int=\count275
\g__ctex_font_size_int=\count276

(C:\Users\admin\AppData\Local\Programs\MiKTeX\tex/latex/ctex/config\ctexopts.cf
g
File: ctexopts.cfg 2022/07/14 v2.5.10 Option configuration file (CTEX)
) (C:\Users\admin\AppData\Local\Programs\MiKTeX\tex/latex/base\report.cls
Document Class: report 2025/01/22 v1.4n Standard LaTeX document class
(C:\Users\admin\AppData\Local\Programs\MiKTeX\tex/latex/base\size12.clo
File: size12.clo 2025/01/22 v1.4n Standard LaTeX file (size option)
)
\c@part=\count277
\c@chapter=\count278
\c@section=\count279
\c@subsection=\count280
\c@subsubsection=\count281
\c@paragraph=\count282
\c@subparagraph=\count283
\c@figure=\count284
\c@table=\count285
\abovecaptionskip=\skip49
\belowcaptionskip=\skip50
\bibindent=\dimen151
)
(C:\Users\admin\AppData\Local\Programs\MiKTeX\tex/latex/ctex/engine\ctex-engine
-xetex.def
File: ctex-engine-xetex.def 2022/07/14 v2.5.10 XeLaTeX adapter (CTEX)

(C:\Users\admin\AppData\Local\Programs\MiKTeX\tex/xelatex/xecjk\xeCJK.sty
Package: xeCJK 2022/08/05 v3.9.1 Typesetting CJK scripts with XeLaTeX

(C:\Users\admin\AppData\Local\Programs\MiKTeX\tex/latex/l3packages/xtemplate\xt
emplate.sty
Package: xtemplate 2025-10-09 L3 Experimental prototype document functions
)
\l__xeCJK_tmp_int=\count286
\l__xeCJK_tmp_box=\box54
\l__xeCJK_tmp_dim=\dimen152
\l__xeCJK_tmp_skip=\skip51
\g__xeCJK_space_factor_int=\count287
\l__xeCJK_begin_int=\count288
\l__xeCJK_end_int=\count289
\c__xeCJK_CJK_class_int=\XeTeXcharclass1
\c__xeCJK_FullLeft_class_int=\XeTeXcharclass2
\c__xeCJK_FullRight_class_int=\XeTeXcharclass3
\c__xeCJK_HalfLeft_class_int=\XeTeXcharclass4
\c__xeCJK_HalfRight_class_int=\XeTeXcharclass5
\c__xeCJK_NormalSpace_class_int=\XeTeXcharclass6
\c__xeCJK_CM_class_int=\XeTeXcharclass7
\c__xeCJK_HangulJamo_class_int=\XeTeXcharclass8
\l__xeCJK_last_skip=\skip52
\c__xeCJK_none_node=\count290
\g__xeCJK_node_int=\count291
\c__xeCJK_CJK_node_dim=\dimen153
\c__xeCJK_CJK-space_node_dim=\dimen154
\c__xeCJK_default_node_dim=\dimen155
\c__xeCJK_CJK-widow_node_dim=\dimen156
\c__xeCJK_normalspace_node_dim=\dimen157
\c__xeCJK_default-space_node_skip=\skip53
\l__xeCJK_ccglue_skip=\skip54
\l__xeCJK_ecglue_skip=\skip55
\l__xeCJK_punct_kern_skip=\skip56
\l__xeCJK_indent_box=\box55
\l__xeCJK_last_penalty_int=\count292
\l__xeCJK_last_bound_dim=\dimen158
\l__xeCJK_last_kern_dim=\dimen159
\l__xeCJK_widow_penalty_int=\count293

LaTeX template Info: Declaring template type 'xeCJK/punctuation' taking 0
(template)           argument(s) on line 2396.

\l__xeCJK_fixed_punct_width_dim=\dimen160
\l__xeCJK_mixed_punct_width_dim=\dimen161
\l__xeCJK_middle_punct_width_dim=\dimen162
\l__xeCJK_fixed_margin_width_dim=\dimen163
\l__xeCJK_mixed_margin_width_dim=\dimen164
\l__xeCJK_middle_margin_width_dim=\dimen165
\l__xeCJK_bound_punct_width_dim=\dimen166
\l__xeCJK_bound_margin_width_dim=\dimen167
\l__xeCJK_margin_minimum_dim=\dimen168
\l__xeCJK_kerning_total_width_dim=\dimen169
\l__xeCJK_same_align_margin_dim=\dimen170
\l__xeCJK_different_align_margin_dim=\dimen171
\l__xeCJK_kerning_margin_width_dim=\dimen172
\l__xeCJK_kerning_margin_minimum_dim=\dimen173
\l__xeCJK_bound_dim=\dimen174
\l__xeCJK_reverse_bound_dim=\dimen175
\l__xeCJK_margin_dim=\dimen176
\l__xeCJK_minimum_bound_dim=\dimen177
\l__xeCJK_kerning_margin_dim=\dimen178
\g__xeCJK_family_int=\count294
\l__xeCJK_fam_int=\count295
\g__xeCJK_fam_allocation_int=\count296
\l__xeCJK_verb_case_int=\count297
\l__xeCJK_verb_exspace_skip=\skip57

(C:\Users\admin\AppData\Local\Programs\MiKTeX\tex/latex/fontspec\fontspec.sty
(C:\Users\admin\AppData\Local\Programs\MiKTeX\tex/latex/l3packages/xparse\xpars
e.sty
Package: xparse 2025-10-09 L3 Experimental document command parser
)
Package: fontspec 2025/09/29 v2.9g Font selection for XeLaTeX and LuaLaTeX

(C:\Users\admin\AppData\Local\Programs\MiKTeX\tex/latex/fontspec\fontspec-xetex
.sty
Package: fontspec-xetex 2025/09/29 v2.9g Font selection for XeLaTeX and LuaLaTe
X
\l__fontspec_script_int=\count298
\l__fontspec_language_int=\count299
\l__fontspec_strnum_int=\count300
\l__fontspec_tmp_int=\count301
\l__fontspec_tmpa_int=\count302
\l__fontspec_tmpb_int=\count303
\l__fontspec_tmpc_int=\count304
\l__fontspec_em_int=\count305
\l__fontspec_emdef_int=\count306
\l__fontspec_strong_int=\count307
\l__fontspec_strongdef_int=\count308
\l__fontspec_tmpa_dim=\dimen179
\l__fontspec_tmpb_dim=\dimen180
\l__fontspec_tmpc_dim=\dimen181
 (C:\Users\admin\AppData\Local\Programs\MiKTeX\tex/latex/base\fontenc.sty
Package: fontenc 2025/07/18 v2.1d Standard LaTeX package
)
(C:\Users\admin\AppData\Local\Programs\MiKTeX\tex/latex/fontspec\fontspec.cfg))
) (C:\Users\admin\AppData\Local\Programs\MiKTeX\tex/xelatex/xecjk\xeCJK.cfg
File: xeCJK.cfg 2022/08/05 v3.9.1 Configuration file for xeCJK package
))
\ccwd=\dimen182
\l__ctex_ccglue_skip=\skip58
)
\l__ctex_ziju_dim=\dimen183

(C:\Users\admin\AppData\Local\Programs\MiKTeX\tex/latex/zhnumber\zhnumber.sty
Package: zhnumber 2022/07/14 v3.0 Typesetting numbers with Chinese glyphs
\l__zhnum_scale_int=\count309
\l__zhnum_tmp_int=\count310

(C:\Users\admin\AppData\Local\Programs\MiKTeX\tex/latex/zhnumber\zhnumber-utf8.
cfg
File: zhnumber-utf8.cfg 2022/07/14 v3.0 Chinese numerals with UTF8 encoding
))
\l__ctex_heading_skip=\skip59

(C:\Users\admin\AppData\Local\Programs\MiKTeX\tex/latex/ctex/scheme\ctex-scheme
-chinese-report.def
File: ctex-scheme-chinese-report.def 2022/07/14 v2.5.10 Chinese scheme for repo
rt (CTEX)

(C:\Users\admin\AppData\Local\Programs\MiKTeX\tex/latex/ctex/config\ctex-name-u
tf8.cfg
File: ctex-name-utf8.cfg 2022/07/14 v2.5.10 Caption with encoding UTF-8 (CTEX)
))
(C:\Users\admin\AppData\Local\Programs\MiKTeX\tex/latex/ctex\ctex-cs4size.clo
File: ctex-cs4size.clo 2022/07/14 v2.5.10 cs4size option (CTEX)
)
(C:\Users\admin\AppData\Local\Programs\MiKTeX\tex/latex/ctex/fontset\ctex-fonts
et-windows.def
File: ctex-fontset-windows.def 2022/07/14 v2.5.10 Windows fonts definition (CTE
X)

Package fontspec Info: 
(fontspec)             Could not resolve font "KaiTi/B" (it probably doesn't
(fontspec)             exist).


Package fontspec Info: 
(fontspec)             Could not resolve font "SimHei/I" (it probably doesn't
(fontspec)             exist).


Package fontspec Info: 
(fontspec)             Could not resolve font "SimSun/BI" (it probably doesn't
(fontspec)             exist).


Package fontspec Info: 
(fontspec)             Font family 'SimSun(0)' created for font 'SimSun' with
(fontspec)             options
(fontspec)             [Script={CJK},BoldFont={SimHei},ItalicFont={KaiTi}].
(fontspec)              
(fontspec)              This font family consists of the following NFSS
(fontspec)             series/shapes:
(fontspec)              
(fontspec)             - 'normal' (m/n) with NFSS spec.:
(fontspec)             <->"SimSun/OT:script=hani;language=dflt;"
(fontspec)             - 'bold' (b/n) with NFSS spec.:
(fontspec)             <->"SimHei/OT:script=hani;language=dflt;"
(fontspec)             - 'italic' (m/it) with NFSS spec.:
(fontspec)             <->"KaiTi/OT:script=hani;language=dflt;"

))
(C:\Users\admin\AppData\Local\Programs\MiKTeX\tex/latex/ctex/config\ctex.cfg
File: ctex.cfg 2022/07/14 v2.5.10 Configuration file (CTEX)
)
(C:\Users\admin\AppData\Local\Programs\MiKTeX\tex/latex/graphics\graphicx.sty
Package: graphicx 2024/12/31 v1.2e Enhanced LaTeX Graphics (DPC,SPQR)

(C:\Users\admin\AppData\Local\Programs\MiKTeX\tex/latex/graphics\keyval.sty
Package: keyval 2022/05/29 v1.15 key=value parser (DPC)
\KV@toks@=\toks17
)
(C:\Users\admin\AppData\Local\Programs\MiKTeX\tex/latex/graphics\graphics.sty
Package: graphics 2024/08/06 v1.4g Standard LaTeX Graphics (DPC,SPQR)

(C:\Users\admin\AppData\Local\Programs\MiKTeX\tex/latex/graphics\trig.sty
Package: trig 2023/12/02 v1.11 sin cos tan (DPC)
)
(C:\Users\admin\AppData\Local\Programs\MiKTeX\tex/latex/graphics-cfg\graphics.c
fg
File: graphics.cfg 2016/06/04 v1.11 sample graphics configuration
)
Package graphics Info: Driver file: xetex.def on input line 106.

(C:\Users\admin\AppData\Local\Programs\MiKTeX\tex/latex/graphics-def\xetex.def
File: xetex.def 2025/11/01 v5.0p Graphics/color driver for xetex
))
\Gin@req@height=\dimen184
\Gin@req@width=\dimen185
)
(C:\Users\admin\AppData\Local\Programs\MiKTeX\tex/latex/booktabs\booktabs.sty
Package: booktabs 2020/01/12 v1.61803398 Publication quality tables
\heavyrulewidth=\dimen186
\lightrulewidth=\dimen187
\cmidrulewidth=\dimen188
\belowrulesep=\dimen189
\belowbottomsep=\dimen190
\aboverulesep=\dimen191
\abovetopsep=\dimen192
\cmidrulesep=\dimen193
\cmidrulekern=\dimen194
\defaultaddspace=\dimen195
\@cmidla=\count311
\@cmidlb=\count312
\@aboverulesep=\dimen196
\@belowrulesep=\dimen197
\@thisruleclass=\count313
\@lastruleclass=\count314
\@thisrulewidth=\dimen198
)
(C:\Users\admin\AppData\Local\Programs\MiKTeX\tex/latex/tools\longtable.sty
Package: longtable 2025-10-13 v4.24 Multi-page Table package (DPC)
\LTleft=\skip60
\LTright=\skip61
\LTpre=\skip62
\LTpost=\skip63
\LTchunksize=\count315
\LTcapwidth=\dimen199
\LT@head=\box56
\LT@firsthead=\box57
\LT@foot=\box58
\LT@lastfoot=\box59
\LT@gbox=\box60
\LT@cols=\count316
\LT@rows=\count317
\c@LT@tables=\count318
\c@LT@chunks=\count319
\LT@p@ftn=\toks18
)
(C:\Users\admin\AppData\Local\Programs\MiKTeX\tex/latex/xcolor\xcolor.sty
Package: xcolor 2024/09/29 v3.02 LaTeX color extensions (UK)

(C:\Users\admin\AppData\Local\Programs\MiKTeX\tex/latex/graphics-cfg\color.cfg
File: color.cfg 2016/01/02 v1.6 sample color configuration
)
Package xcolor Info: Driver file: xetex.def on input line 274.
(C:\Users\admin\AppData\Local\Programs\MiKTeX\tex/latex/graphics\mathcolor.ltx)
Package xcolor Info: Model `cmy' substituted by `cmy0' on input line 1349.
Package xcolor Info: Model `RGB' extended on input line 1365.
Package xcolor Info: Model `HTML' substituted by `rgb' on input line 1367.
Package xcolor Info: Model `Hsb' substituted by `hsb' on input line 1368.
Package xcolor Info: Model `tHsb' substituted by `hsb' on input line 1369.
Package xcolor Info: Model `HSB' substituted by `hsb' on input line 1370.
Package xcolor Info: Model `Gray' substituted by `gray' on input line 1371.
Package xcolor Info: Model `wave' substituted by `hsb' on input line 1372.
) (C:\Users\admin\AppData\Local\Programs\MiKTeX\tex/latex/hyperref\hyperref.sty
Package: hyperref 2026-04-24 v7.01q Hypertext links for LaTeX
(C:\Users\admin\AppData\Local\Programs\MiKTeX\tex/generic/iftex\iftex.sty
Package: iftex 2024/12/12 v1.0g TeX engine tests
)
(C:\Users\admin\AppData\Local\Programs\MiKTeX\tex/latex/kvsetkeys\kvsetkeys.sty
Package: kvsetkeys 2022-10-05 v1.19 Key value parser (HO)
)
(C:\Users\admin\AppData\Local\Programs\MiKTeX\tex/generic/kvdefinekeys\kvdefine
keys.sty
Package: kvdefinekeys 2019-12-19 v1.6 Define keys (HO)
)
(C:\Users\admin\AppData\Local\Programs\MiKTeX\tex/generic/pdfescape\pdfescape.s
ty
Package: pdfescape 2019/12/09 v1.15 Implements pdfTeX's escape features (HO)

(C:\Users\admin\AppData\Local\Programs\MiKTeX\tex/generic/ltxcmds\ltxcmds.sty
Package: ltxcmds 2023-12-04 v1.26 LaTeX kernel commands for general use (HO)
)
(C:\Users\admin\AppData\Local\Programs\MiKTeX\tex/generic/pdftexcmds\pdftexcmds
.sty
Package: pdftexcmds 2020-06-27 v0.33 Utility functions of pdfTeX for LuaTeX (HO
)

(C:\Users\admin\AppData\Local\Programs\MiKTeX\tex/generic/infwarerr\infwarerr.s
ty
Package: infwarerr 2019/12/03 v1.5 Providing info/warning/error messages (HO)
)
Package pdftexcmds Info: \pdf@primitive is available.
Package pdftexcmds Info: \pdf@ifprimitive is available.
Package pdftexcmds Info: \pdfdraftmode not found.
))
(C:\Users\admin\AppData\Local\Programs\MiKTeX\tex/latex/hycolor\hycolor.sty
Package: hycolor 2020-01-27 v1.10 Color options for hyperref/bookmark (HO)
)
(C:\Users\admin\AppData\Local\Programs\MiKTeX\tex/latex/hyperref\nameref.sty
Package: nameref 2026-01-29 v2.58 Cross-referencing by name of section

(C:\Users\admin\AppData\Local\Programs\MiKTeX\tex/latex/refcount\refcount.sty
Package: refcount 2019/12/15 v3.6 Data extraction from label references (HO)
)
(C:\Users\admin\AppData\Local\Programs\MiKTeX\tex/generic/gettitlestring\gettit
lestring.sty
Package: gettitlestring 2019/12/15 v1.6 Cleanup title references (HO)

(C:\Users\admin\AppData\Local\Programs\MiKTeX\tex/latex/kvoptions\kvoptions.sty
Package: kvoptions 2022-06-15 v3.15 Key value format for package options (HO)
))
\c@section@level=\count320
)
(C:\Users\admin\AppData\Local\Programs\MiKTeX\tex/latex/etoolbox\etoolbox.sty
Package: etoolbox 2025/10/02 v2.5m e-TeX tools for LaTeX (JAW)
\etb@tempcnta=\count321
)
(C:\Users\admin\AppData\Local\Programs\MiKTeX\tex/generic/stringenc\stringenc.s
ty
Package: stringenc 2019/11/29 v1.12 Convert strings between diff. encodings (HO
)
)
\@linkdim=\dimen256
\Hy@linkcounter=\count322
\Hy@pagecounter=\count323
 (C:\Users\admin\AppData\Local\Programs\MiKTeX\tex/latex/hyperref\pd1enc.def
File: pd1enc.def 2026-04-24 v7.01q Hyperref: PDFDocEncoding definition (HO)
) (C:\Users\admin\AppData\Local\Programs\MiKTeX\tex/generic/intcalc\intcalc.sty
Package: intcalc 2019/12/15 v1.3 Expandable calculations with integers (HO)
)
\Hy@SavedSpaceFactor=\count324
 (C:\Users\admin\AppData\Local\Programs\MiKTeX\tex/latex/hyperref\puenc.def
File: puenc.def 2026-04-24 v7.01q Hyperref: PDF Unicode definition (HO)
)
Package hyperref Info: Option `unicode' set `true' on input line 4070.
Package hyperref Info: Hyper figures OFF on input line 4199.
Package hyperref Info: Link nesting OFF on input line 4204.
Package hyperref Info: Hyper index ON on input line 4207.
Package hyperref Info: Plain pages OFF on input line 4214.
Package hyperref Info: Backreferencing OFF on input line 4219.
Package hyperref Info: Implicit mode ON; LaTeX internals redefined.
Package hyperref Info: Bookmarks ON on input line 4466.
\c@Hy@tempcnt=\count325

(C:\Users\admin\AppData\Local\Programs\MiKTeX\tex/latex/url\url.sty
\Urlmuskip=\muskip17
Package: url 2013/09/16  ver 3.4  Verb mode for urls, etc.
)
LaTeX Info: Redefining \url on input line 4805.
\XeTeXLinkMargin=\dimen257

(C:\Users\admin\AppData\Local\Programs\MiKTeX\tex/generic/bitset\bitset.sty
Package: bitset 2019/12/09 v1.3 Handle bit-vector datatype (HO)

(C:\Users\admin\AppData\Local\Programs\MiKTeX\tex/generic/bigintcalc\bigintcalc
.sty
Package: bigintcalc 2019/12/15 v1.5 Expandable calculations on big integers (HO
)
))
\Fld@menulength=\count326
\Field@Width=\dimen258
\Fld@charsize=\dimen259
Package hyperref Info: Hyper figures OFF on input line 6091.
Package hyperref Info: Link nesting OFF on input line 6096.
Package hyperref Info: Hyper index ON on input line 6099.
Package hyperref Info: backreferencing OFF on input line 6106.
Package hyperref Info: Link coloring OFF on input line 6111.
Package hyperref Info: Link coloring with OCG OFF on input line 6116.
Package hyperref Info: PDF/A mode OFF on input line 6121.
\Hy@abspage=\count327
\c@Item=\count328
\c@Hfootnote=\count329
)
Package hyperref Info: Driver (autodetected): hxetex.

(C:\Users\admin\AppData\Local\Programs\MiKTeX\tex/latex/hyperref\hxetex.def
File: hxetex.def 2026-04-24 v7.01q Hyperref driver for XeTeX
\pdfm@box=\box61
\c@Hy@AnnotLevel=\count330
\HyField@AnnotCount=\count331
\Fld@listcount=\count332
\c@bookmark@seq@number=\count333

(C:\Users\admin\AppData\Local\Programs\MiKTeX\tex/latex/rerunfilecheck\rerunfil
echeck.sty
Package: rerunfilecheck 2025-06-21 v1.11 Rerun checks for auxiliary files (HO)

(C:\Users\admin\AppData\Local\Programs\MiKTeX\tex/generic/uniquecounter\uniquec
ounter.sty
Package: uniquecounter 2019/12/15 v1.4 Provide unlimited unique counter (HO)
)
Package uniquecounter Info: New unique counter `rerunfilecheck' on input line 2
84.
)
\Hy@SectionHShift=\skip64
)
(C:\Users\admin\AppData\Local\Programs\MiKTeX\tex/latex/fancyhdr\fancyhdr.sty
Package: fancyhdr 2025/02/07 v5.2 Extensive control of page headers and footers

\f@nch@headwidth=\skip65
\f@nch@offset@elh=\skip66
\f@nch@offset@erh=\skip67
\f@nch@offset@olh=\skip68
\f@nch@offset@orh=\skip69
\f@nch@offset@elf=\skip70
\f@nch@offset@erf=\skip71
\f@nch@offset@olf=\skip72
\f@nch@offset@orf=\skip73
\f@nch@height=\skip74
\f@nch@footalignment=\skip75
\f@nch@widthL=\skip76
\f@nch@widthC=\skip77
\f@nch@widthR=\skip78
\@temptokenb=\toks19
)
(C:\Users\admin\AppData\Local\Programs\MiKTeX\tex/latex/caption\caption.sty
Package: caption 2023/08/05 v3.6o Customizing captions (AR)

(C:\Users\admin\AppData\Local\Programs\MiKTeX\tex/latex/caption\caption3.sty
Package: caption3 2023/07/31 v2.4d caption3 kernel (AR)
\caption@tempdima=\dimen260
\captionmargin=\dimen261
\caption@leftmargin=\dimen262
\caption@rightmargin=\dimen263
\caption@width=\dimen264
\caption@indent=\dimen265
\caption@parindent=\dimen266
\caption@hangindent=\dimen267
Package caption Info: Standard document class detected.
)
\c@caption@flags=\count334
\c@continuedfloat=\count335
Package caption Info: hyperref package is loaded.
Package caption Info: longtable package is loaded.

(C:\Users\admin\AppData\Local\Programs\MiKTeX\tex/latex/caption\ltcaption.sty
Package: ltcaption 2021/01/08 v1.4c longtable captions (AR)
)) (C:\Users\admin\AppData\Local\Programs\MiKTeX\tex/latex/enumitem\enumitem.st
y
Package: enumitem 2025/02/06 v3.11 Customized lists
\labelindent=\skip79
\enit@outerparindent=\dimen268
\enit@toks=\toks20
\enit@inbox=\box62
\enit@count@id=\count336
\enitdp@description=\count337
) (C:\Users\admin\AppData\Local\Programs\MiKTeX\tex/latex/amsmath\amsmath.sty
Package: amsmath 2025/07/09 v2.17z AMS math features
\@mathmargin=\skip80

For additional information on amsmath, use the `?' option.
(C:\Users\admin\AppData\Local\Programs\MiKTeX\tex/latex/amsmath\amstext.sty
Package: amstext 2024/11/17 v2.01 AMS text

(C:\Users\admin\AppData\Local\Programs\MiKTeX\tex/latex/amsmath\amsgen.sty
File: amsgen.sty 1999/11/30 v2.0 generic functions
\@emptytoks=\toks21
\ex@=\dimen269
))
(C:\Users\admin\AppData\Local\Programs\MiKTeX\tex/latex/amsmath\amsbsy.sty
Package: amsbsy 1999/11/29 v1.2d Bold Symbols
\pmbraise@=\dimen270
)
(C:\Users\admin\AppData\Local\Programs\MiKTeX\tex/latex/amsmath\amsopn.sty
Package: amsopn 2022/04/08 v2.04 operator names
)
\inf@bad=\count338
LaTeX Info: Redefining \frac on input line 233.
\uproot@=\count339
\leftroot@=\count340
LaTeX Info: Redefining \overline on input line 398.
LaTeX Info: Redefining \colon on input line 409.
\classnum@=\count341
\DOTSCASE@=\count342
LaTeX Info: Redefining \ldots on input line 495.
LaTeX Info: Redefining \dots on input line 498.
LaTeX Info: Redefining \cdots on input line 619.
\Mathstrutbox@=\box63
\strutbox@=\box64
LaTeX Info: Redefining \big on input line 721.
LaTeX Info: Redefining \Big on input line 722.
LaTeX Info: Redefining \bigg on input line 723.
LaTeX Info: Redefining \Bigg on input line 724.
\big@size=\dimen271
LaTeX Font Info:    Redeclaring font encoding OML on input line 742.
LaTeX Font Info:    Redeclaring font encoding OMS on input line 743.
\macc@depth=\count343
LaTeX Info: Redefining \bmod on input line 904.
LaTeX Info: Redefining \pmod on input line 909.
LaTeX Info: Redefining \smash on input line 939.
LaTeX Info: Redefining \relbar on input line 969.
LaTeX Info: Redefining \Relbar on input line 970.
\c@MaxMatrixCols=\count344
\dotsspace@=\muskip18
\c@parentequation=\count345
\dspbrk@lvl=\count346
\tag@help=\toks22
\row@=\count347
\column@=\count348
\maxfields@=\count349
\andhelp@=\toks23
\eqnshift@=\dimen272
\alignsep@=\dimen273
\tagshift@=\dimen274
\tagwidth@=\dimen275
\totwidth@=\dimen276
\lineht@=\dimen277
\@envbody=\toks24
\multlinegap=\skip81
\multlinetaggap=\skip82
\mathdisplay@stack=\toks25
LaTeX Info: Redefining \[ on input line 2950.
LaTeX Info: Redefining \] on input line 2951.
)
(C:\Users\admin\AppData\Local\Programs\MiKTeX\tex/latex/ragged2e\ragged2e.sty
Package: ragged2e 2023/06/22 v3.6 ragged2e Package
\CenteringLeftskip=\skip83
\RaggedLeftLeftskip=\skip84
\RaggedRightLeftskip=\skip85
\CenteringRightskip=\skip86
\RaggedLeftRightskip=\skip87
\RaggedRightRightskip=\skip88
\CenteringParfillskip=\skip89
\RaggedLeftParfillskip=\skip90
\RaggedRightParfillskip=\skip91
\JustifyingParfillskip=\skip92
\CenteringParindent=\skip93
\RaggedLeftParindent=\skip94
\RaggedRightParindent=\skip95
\JustifyingParindent=\skip96
)
Package hyperref Info: Option `colorlinks' set `false' on input line 15.

(upc-thesis-format.tex
(C:\Users\admin\AppData\Local\Programs\MiKTeX\tex/latex/geometry\geometry.sty
Package: geometry 2026/03/07 v6.0 Page Geometry

(C:\Users\admin\AppData\Local\Programs\MiKTeX\tex/generic/iftex\ifvtex.sty
Package: ifvtex 2019/10/25 v1.7 ifvtex legacy package. Use iftex instead.
)
\Gm@cnth=\count350
\Gm@cntv=\count351
\c@Gm@tempcnt=\count352
\Gm@bindingoffset=\dimen278
\Gm@wd@mp=\dimen279
\Gm@odd@mp=\dimen280
\Gm@even@mp=\dimen281
\Gm@layoutwidth=\dimen282
\Gm@layoutheight=\dimen283
\Gm@layouthoffset=\dimen284
\Gm@layoutvoffset=\dimen285
\Gm@dimlist=\toks26

(C:\Users\admin\AppData\Local\Programs\MiKTeX\tex/latex/geometry\geometry.cfg))
(C:\Users\admin\AppData\Local\Programs\MiKTeX\tex/latex/setspace\setspace.sty
Package: setspace 2022/12/04 v6.7b set line spacing
)

Class ctexrep Warning: Command `\CTEXsetup' is deprecated.
(ctexrep)              \ctexset { chapter = {  name={第,章}, number={\arabic
(ctexrep)              {chapter}}, format={\heiti \zihao {-3}\bfseries
(ctexrep)              \raggedright }, beforeskip=0.5\baselineskip ,
(ctexrep)              afterskip=0.5\baselineskip , indent={0pt}  } } is set.


Class ctexrep Warning: Command `\CTEXsetup' is deprecated.
(ctexrep)              \ctexset { section = {  format={\heiti \zihao
(ctexrep)              {3}\bfseries \raggedright },
(ctexrep)              beforeskip=0.5\baselineskip ,
(ctexrep)              afterskip=0.5\baselineskip , indent={0pt}  } } is set.


Class ctexrep Warning: Command `\CTEXsetup' is deprecated.
(ctexrep)              \ctexset { subsection = {  format={\heiti \zihao
(ctexrep)              {4}\bfseries \raggedright },
(ctexrep)              beforeskip=0.5\baselineskip ,
(ctexrep)              afterskip=0.5\baselineskip , indent={0pt}  } } is set.


Class ctexrep Warning: Command `\CTEXsetup' is deprecated.
(ctexrep)              \ctexset { subsubsection = {  format={\songti \zihao
(ctexrep)              {-4}\raggedright }, indent={0pt}  } } is set.

) (main.aux)
\openout1 = `main.aux'.

LaTeX Font Info:    Checking defaults for OML/cmm/m/it on input line 29.
LaTeX Font Info:    ... okay on input line 29.
LaTeX Font Info:    Checking defaults for OMS/cmsy/m/n on input line 29.
LaTeX Font Info:    ... okay on input line 29.
LaTeX Font Info:    Checking defaults for OT1/cmr/m/n on input line 29.
LaTeX Font Info:    ... okay on input line 29.
LaTeX Font Info:    Checking defaults for T1/cmr/m/n on input line 29.
LaTeX Font Info:    ... okay on input line 29.
LaTeX Font Info:    Checking defaults for TS1/cmr/m/n on input line 29.
LaTeX Font Info:    ... okay on input line 29.
LaTeX Font Info:    Checking defaults for TU/lmr/m/n on input line 29.
LaTeX Font Info:    ... okay on input line 29.
LaTeX Font Info:    Checking defaults for OMX/cmex/m/n on input line 29.
LaTeX Font Info:    ... okay on input line 29.
LaTeX Font Info:    Checking defaults for U/cmr/m/n on input line 29.
LaTeX Font Info:    ... okay on input line 29.
LaTeX Font Info:    Checking defaults for PD1/pdf/m/n on input line 29.
LaTeX Font Info:    ... okay on input line 29.
LaTeX Font Info:    Checking defaults for PU/pdf/m/n on input line 29.
LaTeX Font Info:    ... okay on input line 29.

Package fontspec Info: 
(fontspec)             Adjusting the maths setup (use [no-math] to avoid
(fontspec)             this).

\symlegacymaths=\mathgroup4
LaTeX Font Info:    Overwriting symbol font `legacymaths' in version `bold'
(Font)                  OT1/cmr/m/n --> OT1/cmr/bx/n on input line 29.
LaTeX Font Info:    Redeclaring math accent \acute on input line 29.
LaTeX Font Info:    Redeclaring math accent \grave on input line 29.
LaTeX Font Info:    Redeclaring math accent \ddot on input line 29.
LaTeX Font Info:    Redeclaring math accent \tilde on input line 29.
LaTeX Font Info:    Redeclaring math accent \bar on input line 29.
LaTeX Font Info:    Redeclaring math accent \breve on input line 29.
LaTeX Font Info:    Redeclaring math accent \check on input line 29.
LaTeX Font Info:    Redeclaring math accent \hat on input line 29.
LaTeX Font Info:    Redeclaring math accent \dot on input line 29.
LaTeX Font Info:    Redeclaring math accent \mathring on input line 29.
LaTeX Font Info:    Redeclaring math symbol \Gamma on input line 29.
LaTeX Font Info:    Redeclaring math symbol \Delta on input line 29.
LaTeX Font Info:    Redeclaring math symbol \Theta on input line 29.
LaTeX Font Info:    Redeclaring math symbol \Lambda on input line 29.
LaTeX Font Info:    Redeclaring math symbol \Xi on input line 29.
LaTeX Font Info:    Redeclaring math symbol \Pi on input line 29.
LaTeX Font Info:    Redeclaring math symbol \Sigma on input line 29.
LaTeX Font Info:    Redeclaring math symbol \Upsilon on input line 29.
LaTeX Font Info:    Redeclaring math symbol \Phi on input line 29.
LaTeX Font Info:    Redeclaring math symbol \Psi on input line 29.
LaTeX Font Info:    Redeclaring math symbol \Omega on input line 29.
LaTeX Font Info:    Redeclaring math symbol \mathdollar on input line 29.
LaTeX Font Info:    Redeclaring symbol font `operators' on input line 29.
LaTeX Font Info:    Encoding `OT1' has changed to `TU' for symbol font
(Font)              `operators' in the math version `normal' on input line 29.
LaTeX Font Info:    Overwriting symbol font `operators' in version `normal'
(Font)                  OT1/cmr/m/n --> TU/lmr/m/n on input line 29.
LaTeX Font Info:    Encoding `OT1' has changed to `TU' for symbol font
(Font)              `operators' in the math version `bold' on input line 29.
LaTeX Font Info:    Overwriting symbol font `operators' in version `bold'
(Font)                  OT1/cmr/bx/n --> TU/lmr/m/n on input line 29.
LaTeX Font Info:    Overwriting symbol font `operators' in version `normal'
(Font)                  TU/lmr/m/n --> TU/lmr/m/n on input line 29.
LaTeX Font Info:    Overwriting math alphabet `\mathit' in version `normal'
(Font)                  OT1/cmr/m/it --> TU/lmr/m/it on input line 29.
LaTeX Font Info:    Overwriting math alphabet `\mathbf' in version `normal'
(Font)                  OT1/cmr/bx/n --> TU/lmr/b/n on input line 29.
LaTeX Font Info:    Overwriting math alphabet `\mathsf' in version `normal'
(Font)                  OT1/cmss/m/n --> TU/lmss/m/n on input line 29.
LaTeX Font Info:    Overwriting math alphabet `\mathtt' in version `normal'
(Font)                  OT1/cmtt/m/n --> TU/lmtt/m/n on input line 29.
LaTeX Font Info:    Overwriting symbol font `operators' in version `bold'
(Font)                  TU/lmr/m/n --> TU/lmr/b/n on input line 29.
LaTeX Font Info:    Overwriting math alphabet `\mathit' in version `bold'
(Font)                  OT1/cmr/bx/it --> TU/lmr/b/it on input line 29.
LaTeX Font Info:    Overwriting math alphabet `\mathsf' in version `bold'
(Font)                  OT1/cmss/bx/n --> TU/lmss/b/n on input line 29.
LaTeX Font Info:    Overwriting math alphabet `\mathtt' in version `bold'
(Font)                  OT1/cmtt/m/n --> TU/lmtt/b/n on input line 29.
Package hyperref Info: Link coloring OFF on input line 29.
 (main.out) (main.out)
\@outlinefile=\write3
\openout3 = `main.out'.

Package caption Info: Begin \AtBeginDocument code.
Package caption Info: End \AtBeginDocument code.

*geometry* driver: auto-detecting
*geometry* detected driver: xetex
*geometry* verbose mode - [ preamble ] result:
* driver: xetex
* paper: a4paper
* layout: <same size as paper>
* layoutoffset:(h,v)=(0.0pt,0.0pt)
* modes: 
* h-part:(L,W,R)=(85.35826pt, 441.01773pt, 71.13188pt)
* v-part:(T,H,B)=(71.13188pt, 702.78308pt, 71.13188pt)
* \paperwidth=597.50787pt
* \paperheight=845.04684pt
* \textwidth=441.01773pt
* \textheight=702.78308pt
* \oddsidemargin=13.08827pt
* \evensidemargin=13.08827pt
* \topmargin=-38.1381pt
* \headheight=13.0pt
* \headsep=25.0pt
* \topskip=12.0pt
* \footskip=30.0pt
* \marginparwidth=35.0pt
* \marginparsep=10.0pt
* \columnsep=10.0pt
* \skip\footins=10.8pt plus 4.0pt minus 2.0pt
* \hoffset=0.0pt
* \voffset=0.0pt
* \mag=1000
* \@twocolumnfalse
* \@twosidefalse
* \@mparswitchfalse
* \@reversemarginfalse
* (1in=72.27pt=25.4mm, 1cm=28.453pt)

(frontmatter.tex
File: figures/cover-logo.png Graphic file (type bmp)
<figures/cover-logo.png>

Package fontspec Info: 
(fontspec)             Could not resolve font "SimHei/BI" (it probably doesn't
(fontspec)             exist).


Package fontspec Info: 
(fontspec)             Could not resolve font "SimHei/B" (it probably doesn't
(fontspec)             exist).


Package fontspec Info: 
(fontspec)             Could not resolve font "SimHei/I" (it probably doesn't
(fontspec)             exist).


Package fontspec Info: 
(fontspec)             Font family 'SimHei(0)' created for font 'SimHei' with
(fontspec)             options [Script={CJK}].
(fontspec)              
(fontspec)              This font family consists of the following NFSS
(fontspec)             series/shapes:
(fontspec)              
(fontspec)             - 'normal' (m/n) with NFSS spec.:
(fontspec)             <->"SimHei/OT:script=hani;language=dflt;"



LaTeX Font Warning: Font shape `TU/SimHei(0)/b/n' undefined
(Font)              using `TU/SimHei(0)/m/n' instead on input line 16.


Package fontspec Info: 
(fontspec)             Could not resolve font "FangSong/BI" (it probably
(fontspec)             doesn't exist).


Package fontspec Info: 
(fontspec)             Could not resolve font "FangSong/B" (it probably
(fontspec)             doesn't exist).


Package fontspec Info: 
(fontspec)             Could not resolve font "FangSong/I" (it probably
(fontspec)             doesn't exist).


Package fontspec Info: 
(fontspec)             Font family 'FangSong(0)' created for font 'FangSong'
(fontspec)             with options [Script={CJK}].
(fontspec)              
(fontspec)              This font family consists of the following NFSS
(fontspec)             series/shapes:
(fontspec)              
(fontspec)             - 'normal' (m/n) with NFSS spec.:
(fontspec)             <->"FangSong/OT:script=hani;language=dflt;"


LaTeX Font Warning: Font shape `OMX/cmex/m/n' in size <16.06> not available
(Font)              size <17.28> substituted on input line 31.


LaTeX Font Warning: Font shape `OMX/cmex/m/n' in size <10.53937> not available
(Font)              size <10.95> substituted on input line 31.


Overfull \hbox (24.09pt too wide) in paragraph at lines 22--37
[]$[]$
 []

[1

]

Package fontspec Info: 
(fontspec)             Could not resolve font "SimSun/BI" (it probably doesn't
(fontspec)             exist).


Package fontspec Info: 
(fontspec)             Could not resolve font "SimSun/B" (it probably doesn't
(fontspec)             exist).


Package fontspec Info: 
(fontspec)             Could not resolve font "SimSun/I" (it probably doesn't
(fontspec)             exist).


Package fontspec Info: 
(fontspec)             Font family 'SimSun(1)' created for font 'SimSun' with
(fontspec)             options [Script={CJK}].
(fontspec)              
(fontspec)              This font family consists of the following NFSS
(fontspec)             series/shapes:
(fontspec)              
(fontspec)             - 'normal' (m/n) with NFSS spec.:
(fontspec)             <->"SimSun/OT:script=hani;language=dflt;"

 [1

]

Package fontspec Info: 
(fontspec)             Could not resolve font "KaiTi/BI" (it probably doesn't
(fontspec)             exist).


Package fontspec Info: 
(fontspec)             Could not resolve font "KaiTi/B" (it probably doesn't
(fontspec)             exist).


Package fontspec Info: 
(fontspec)             Could not resolve font "KaiTi/I" (it probably doesn't
(fontspec)             exist).


Package fontspec Info: 
(fontspec)             Font family 'KaiTi(0)' created for font 'KaiTi' with
(fontspec)             options [Script={CJK}].
(fontspec)              
(fontspec)              This font family consists of the following NFSS
(fontspec)             series/shapes:
(fontspec)              
(fontspec)             - 'normal' (m/n) with NFSS spec.:
(fontspec)             <->"KaiTi/OT:script=hani;language=dflt;"

 [2

]) [3

] (main.toc

LaTeX Font Warning: Font shape `TU/SimSun(1)/b/n' undefined
(Font)              using `TU/SimSun(1)/m/n' instead on input line 1.

[4

] [5] [6] [7])
\tf@toc=\write4
\openout4 = `main.toc'.

 [8] (main.lof)
\tf@lof=\write5
\openout5 = `main.lof'.

 [9


] (main.lot)
\tf@lot=\write6
\openout6 = `main.lot'.

 [10


] (chapter01.tex
第1章
[1


]
Overfull \hbox (3.74672pt too wide) in paragraph at lines 26--27
[]\TU/SimSun(1)/m/n/12.045 在 玩 法 架 构 方 面，| \TU/lmr/m/n/12.045 Survivor-like \TU
/SimSun(1)/m/n/12.045 强 调 波 次 刷 怪、|  自 动 输 出 与 局 内 升 级 构 筑；| \TU/lmr/m/n/12.045
 Roguelite
 []

[2] (chapter01-extended.tex [3]) (chapter01-background-extra.tex [4]))
(chapter02.tex [5]
第2章

Overfull \hbox (5.23872pt too wide) in paragraph at lines 4--5
\TU/SimSun(1)/m/n/12.045 文 献 与 业 界 实 践 的 基 础 上，|  给 出 毕 业 设 计 规 模 下 的 取 舍 理 由，|
  并 与 后 文 \TU/lmtt/m/n/12.045 SimpleEcsDemo\TU/SimSun(1)/m/n/12.045 、|
 []


Underfull \hbox (badness 1424) in paragraph at lines 27--27
[]\TU/SimSun(0)/m/n/12.045 文 档 与 社 区 小 于 头 部
 []


Overfull \hbox (5.32083pt too wide) in paragraph at lines 21--30
 [][] 
 []

[6

]
Overfull \hbox (37.60855pt too wide) in paragraph at lines 38--39
[]\TU/SimSun(0)/m/n/12.045 游 戏 主 循 环 由 \TU/lmtt/m/n/12.045 Laya.timer.frameLoop
 \TU/SimSun(0)/m/n/12.045 驱 动：|  每 帧 先 执 行 \TU/lmtt/m/n/12.045 EcsWorld.update(
deltaTime)
 []


LaTeX Font Warning: Font shape `TU/SimSun(1)/m/it' undefined
(Font)              using `TU/SimSun(1)/m/n' instead on input line 47.


Overfull \hbox (32.32268pt too wide) in paragraph at lines 49--50
\TU/lmtt/m/n/12.045 ExperienceSystem \TU/SimSun(0)/m/n/12.045 完 成，|  击 杀 奖 励 与 
等 级 加 成 通 过 \TU/lmtt/m/n/12.045 defines \TU/SimSun(0)/m/n/12.045 中 \TU/lmtt/m/n
/12.045 MONSTER_EXP_REWARD_BASE\TU/SimSun(0)/m/n/12.045 、|
 []

[7]
Underfull \hbox (badness 10000) in paragraph at lines 67--68
[]\TU/lmtt/m/n/12.045 ViewComponent \TU/SimSun(0)/m/n/12.045 绑 定
 []


Overfull \hbox (41.02078pt too wide) in paragraph at lines 74--75
\TU/SimSun(0)/m/n/12.045 溯 源 \TU/lmr/m/n/12.045 modifier\TU/SimSun(0)/m/n/12.04
5 ） 、| \TU/lmtt/m/n/12.045 Skill\TU/SimSun(0)/m/n/12.045 、| \TU/lmtt/m/n/12.045
 SkillLoadoutState \TU/SimSun(0)/m/n/12.045 等；|  系 统 包 括 \TU/lmtt/m/n/12.045 Mo
vementSystem\TU/SimSun(0)/m/n/12.045 、| \TU/lmtt/m/n/12.045 AttributeSystem\TU/
SimSun(0)/m/n/12.045 、|
 []


Overfull \hbox (8.78801pt too wide) in paragraph at lines 74--75
\TU/lmtt/m/n/12.045 SkillSystem\TU/SimSun(0)/m/n/12.045 、| \TU/lmtt/m/n/12.045 
BulletSystem\TU/SimSun(0)/m/n/12.045 、| \TU/lmtt/m/n/12.045 MonsterChaseSystem 
\TU/SimSun(0)/m/n/12.045 等。| \TU/lmtt/m/n/12.045 FilterRegistry \TU/SimSun(0)/m
/n/12.045 提 供 \TU/lmtt/m/n/12.045 Players\TU/SimSun(0)/m/n/12.045 、|
 []

[8]
Overfull \hbox (40.93808pt too wide) in paragraph at lines 88--89
[]\TU/lmtt/m/n/12.045 SeededRng \TU/SimSun(0)/m/n/12.045 使 相 同 种 子 可 复 现 地 图，| 
 便 于 录 制 答 辩 视 频 与 回 归 测 试。| \TU/lmtt/m/n/12.045 MetaFlowController
 []


Overfull \hbox (29.2464pt too wide) in paragraph at lines 94--95
\TU/lmr/m/n/12.045 tem\TU/SimSun(0)/m/n/12.045 。|  当 实 体 数 达 到 阈 值 时，| \TU/lmtt
/m/n/12.045 CombatDataPrepareSystem \TU/SimSun(0)/m/n/12.045 将 坐 标 等 快 照 经 \TU/
lmtt/m/n/12.045 CombatDataBridge
 []

[9]
Overfull \hbox (0.43665pt too wide) in paragraph at lines 106--107
[]\TU/lmr/bx/n/12.045 Model\TU/SimSun(0)/m/n/12.045 ：|  来 自 \TU/lmr/m/n/12.045 
ECS \TU/SimSun(0)/m/n/12.045 组 件  |（如 \TU/lmr/m/n/12.045 hp\TU/SimSun(0)/m/n/12
.045 、|  装 配 状 态）|  或 独 立 模 型 类  |（如 \TU/lmtt/m/n/12.045 RunMapPanelModel\TU/Si
mSun(0)/m/n/12.045 、|
 []

[10]) (chapter03.tex [11]
第3章

Overfull \hbox (80.86162pt too wide) in paragraph at lines 12--15
[]\TU/SimSun(0)/m/n/12.045 已 具 备 能 力：| \TU/lmtt/m/n/12.045 ConfigBootstrap.ensu
reGameConfigLoaded \TU/SimSun(0)/m/n/12.045 双 通 道 加 载 配 表；| \TU/lmtt/m/n/12.045
 isGameConfigReady
 []

[12

]
Overfull \hbox (36.15689pt too wide) in paragraph at lines 76--77
[]\TU/SimSun(0)/m/n/12.045 用 户 在 跑 图 或 选 关 界 面 确 认 节 点，| \TU/lmtt/m/n/12.045 Me
taFlowController \TU/SimSun(0)/m/n/12.045 触 发 \TU/lmtt/m/n/12.045 onEnterCombat
(payload)\TU/SimSun(0)/m/n/12.045 ；|
 []

[13]
Overfull \hbox (28.90573pt too wide) in paragraph at lines 91--92
\TU/SimSun(0)/m/n/12.045 经 验  |（含 等 级 加 成 项） 。|  跑 图 每 局 三 幕 \TU/lmr/m/n/12.045
 DAG\TU/SimSun(0)/m/n/12.045 ，|  仅 沿 已 解 锁 邻 接 边 前 进；| \TU/lmtt/m/n/12.045 vali
dateActReachBoss
 []

[14]
Overfull \hbox (102.92183pt too wide) in paragraph at lines 120--121
[]\TU/SimSun(0)/m/n/12.045 关 键 接 口： （\TU/lmr/m/n/12.045 1\TU/SimSun(0)/m/n/12.0
45 ）| \TU/lmtt/m/n/12.045 ensureGameConfigLoaded(): Promise<boolean>\TU/SimSun(
0)/m/n/12.045 ； （\TU/lmr/m/n/12.045 2\TU/SimSun(0)/m/n/12.045 ）| \TU/lmtt/m/n/1
2.045 onEnterCombat(payload?)\TU/SimSun(0)/m/n/12.045 ； （\TU/lmr/m/n/12.045 3\T
U/SimSun(0)/m/n/12.045 ）|
 []


Overfull \hbox (76.48038pt too wide) in paragraph at lines 120--121
\TU/lmtt/m/n/12.045 ControlInputSource\TU/SimSun(0)/m/n/12.045 ； （\TU/lmr/m/n/1
2.045 4\TU/SimSun(0)/m/n/12.045 ）| \TU/lmtt/m/n/12.045 UIStackManager.push/pop\
TU/SimSun(0)/m/n/12.045 ； （\TU/lmr/m/n/12.045 5\TU/SimSun(0)/m/n/12.045 ）| \TU/
lmtt/m/n/12.045 CombatWorkerComputeRequest/Response
 []


Overfull \hbox (52.9344pt too wide) in paragraph at lines 122--123
[]\TU/SimSun(0)/m/n/12.045 约 束 与 假 设：|  浏 览 器 启 用 \TU/lmr/m/n/12.045 JavaScript
 \TU/SimSun(0)/m/n/12.045 与 \TU/lmr/m/n/12.045 WebGL\TU/SimSun(0)/m/n/12.045 ；|
  开 发 阶 段 已 执 行 \TU/lmtt/m/n/12.045 sync-config-to-bin.ps1\TU/SimSun(0)/m/n/12.
045 ；|
 []


Overfull \hbox (8.94514pt too wide) in paragraph at lines 154--155
[]\TU/lmtt/m/n/12.045 ecsCorePhase1.verify.ts| 
 []


Overfull \hbox (8.94514pt too wide) in paragraph at lines 157--158
[]\TU/lmtt/m/n/12.045 formulaParser.verify.ts| 
 []

) (chapter04.tex [15] [16]
第4章

Overfull \hbox (9.12233pt too wide) in paragraph at lines 43--44
[]\TU/SimSun(0)/m/n/12.045 实 体  |—|  组 件  |—|  系 统 是 局 内 玩 法 的 核 心 范 式。| \TU/lm
tt/m/n/12.045 EntityId \TU/SimSun(0)/m/n/12.045 为 数 值 标 识；| \TU/lmtt/m/n/12.045
 ComponentStore
 []


Overfull \hbox (4.76697pt too wide) in paragraph at lines 43--44
\TU/SimSun(0)/m/n/12.045 按 组 件 类 型 使 用 \TU/lmtt/m/n/12.045 Map<EntityId, Compon
ent> \TU/SimSun(0)/m/n/12.045 存 储；| \TU/lmtt/m/n/12.045 EcsWorld \TU/SimSun(0)/
m/n/12.045 按 \TU/lmtt/m/n/12.045 input/logic/render
 []


Overfull \hbox (5.0243pt too wide) in paragraph at lines 43--44
\TU/SimSun(0)/m/n/12.045 分 组 顺 序 调 用 已 注 册 系 统。|  玩 法 数 据 与 逻 辑 严 格 分 离：| \TU/l
mtt/m/n/12.045 Position\TU/SimSun(0)/m/n/12.045 、| \TU/lmtt/m/n/12.045 Velocity
\TU/SimSun(0)/m/n/12.045 、| \TU/lmtt/m/n/12.045 Attribute\TU/SimSun(0)/m/n/12.0
45 、|
 []


Overfull \hbox (9.31435pt too wide) in paragraph at lines 43--44
\TU/lmtt/m/n/12.045 Skill\TU/SimSun(0)/m/n/12.045 、| \TU/lmtt/m/n/12.045 SkillL
oadoutState \TU/SimSun(0)/m/n/12.045 等 仅 存 字 段；| \TU/lmtt/m/n/12.045 MovementSy
stem\TU/SimSun(0)/m/n/12.045 、| \TU/lmtt/m/n/12.045 SkillSystem\TU/SimSun(0)/m/
n/12.045 、| \TU/lmtt/m/n/12.045 BulletSystem
 []

[17

]
Overfull \hbox (19.28157pt too wide) in paragraph at lines 45--46
[]\TU/SimSun(0)/m/n/12.045 标 签 与 筛 选：|  玩 家 与 怪 物 共 享 位 移、|  属 性、|  技 能 等 组 件，|
  仅 通 过 \TU/lmtt/m/n/12.045 PlayerTag\TU/lmr/m/n/12.045 /\TU/lmtt/m/n/12.045 Mo
nsterTag
 []


Overfull \hbox (47.6019pt too wide) in paragraph at lines 47--48
[]\TU/SimSun(0)/m/n/12.045 战 斗 数 据 流：|  每 帧 \TU/lmtt/m/n/12.045 CombatDataPrepa
reSystem \TU/SimSun(0)/m/n/12.045 采 集 坐 标 等 快 照 $\OMS/cmsy/m/n/12.045 !$ \TU/Si
mSun(0)/m/n/12.045 可 选 \TU/lmtt/m/n/12.045 CombatDataBridge
 []


Overfull \hbox (10.7568pt too wide) in paragraph at lines 56--57
[]\TU/lmr/bx/n/12.045 Model\TU/SimSun(0)/m/n/12.045 ：| \TU/lmr/m/n/12.045 ECS \
TU/SimSun(0)/m/n/12.045 组 件  |（\TU/lmr/m/n/12.045 hp\TU/SimSun(0)/m/n/12.045 、|
  装 配 状 态）|  或 独 立 模 型  |（\TU/lmtt/m/n/12.045 RunMapPanelModel\TU/SimSun(0)/m/n
/12.045 、| \TU/lmtt/m/n/12.045 RunMapState\TU/SimSun(0)/m/n/12.045 ） ；| 
 []

[18]
Overfull \hbox (13.84773pt too wide) in paragraph at lines 63--64
[]\TU/SimSun(0)/m/n/12.045 局 内 交 互：| \TU/lmtt/m/n/12.045 SkillSelectPanelContro
ller \TU/SimSun(0)/m/n/12.045 监 听 \TU/lmr/m/n/12.045 Tab\TU/SimSun(0)/m/n/12.04
5 ，|  打 开 时 将 \TU/lmtt/m/n/12.045 GameSession.paused
 []


Overfull \hbox (53.08482pt too wide) in paragraph at lines 63--64
\TU/SimSun(0)/m/n/12.045 置 真，|  战 斗 \TU/lmr/m/n/12.045 System \TU/SimSun(0)/m/n
/12.045 早 退 而 \TU/lmr/m/n/12.045 UI \TU/SimSun(0)/m/n/12.045 仍 接 收 指 针 事 件。| \T
U/lmtt/m/n/12.045 SkillDragService \TU/SimSun(0)/m/n/12.045 长 按 拖 拽，| \TU/lmtt/
m/n/12.045 SkillSlotHitTest
 []


Overfull \hbox (65.13951pt too wide) in paragraph at lines 63--64
\TU/SimSun(0)/m/n/12.045 统 一 命 中 判 定；|  关 闭 面 板 时 \TU/lmtt/m/n/12.045 SkillLoad
outSyncSystem \TU/SimSun(0)/m/n/12.045 原 子 写 回 \TU/lmtt/m/n/12.045 Skill \TU/Si
mSun(0)/m/n/12.045 与 \TU/lmtt/m/n/12.045 PlayerAutoCastSystem\TU/SimSun(0)/m/n/
12.045 。|
 []


Overfull \hbox (96.19676pt too wide) in paragraph at lines 72--73
[]\TU/lmr/bx/n/12.045 Web Worker\TU/SimSun(0)/m/n/12.045 ：|  当 场 上 实 体 数 $\OMS/
cmsy/m/n/12.045 ^^U$ \TU/lmtt/m/n/12.045 COMBAT_WORKER_MIN_ENTITY_COUNT \TU/Sim
Sun(0)/m/n/12.045 时，| \TU/lmtt/m/n/12.045 CombatDataPrepareSystem
 []

File: figures/system-sequence.png Graphic file (type bmp)
<figures/system-sequence.png>

Overfull \hbox (1.2757pt too wide) in paragraph at lines 119--120
\TU/lmtt/m/n/12.045 configBases()\TU/SimSun(0)/m/n/12.045 ，|  依 次 尝 试 \TU/lmtt/
m/n/12.045 fetch \TU/SimSun(0)/m/n/12.045 与 \TU/lmtt/m/n/12.045 Laya.loader \TU
/SimSun(0)/m/n/12.045 双 通 道 加 载 \TU/lmtt/m/n/12.045 tables.registry.json
 []

[19] [20]
Overfull \hbox (6.15988pt too wide) in paragraph at lines 121--122
[]|\TU/SimSun(0)/m/n/12.045 （\TU/lmr/bx/n/12.045 2\TU/SimSun(0)/m/n/12.045 ）|  
运 行 时 缺 表 降 级。| \TU/lmtt/m/n/12.045 SimpleEcsDemo \TU/SimSun(0)/m/n/12.045 维 护 
\TU/lmtt/m/n/12.045 missingConfigLogged: Set<string>\TU/SimSun(0)/m/n/12.045 ，|

 []


Overfull \hbox (74.02473pt too wide) in paragraph at lines 121--122
\TU/SimSun(0)/m/n/12.045 通 过 \TU/lmtt/m/n/12.045 logMissingConfigOnce \TU/SimSu
n(0)/m/n/12.045 对 每 个 缺 失 键 仅 告 警 一 次，|  避 免 刷 屏。| \TU/lmtt/m/n/12.045 defines 
\TU/SimSun(0)/m/n/12.045 中 \TU/lmtt/m/n/12.045 DEFAULT_PLAYER_HP\TU/SimSun(0)/m
/n/12.045 、|
 []


Overfull \hbox (19.53166pt too wide) in paragraph at lines 123--124
[]|\TU/SimSun(0)/m/n/12.045 （\TU/lmr/bx/n/12.045 3\TU/SimSun(0)/m/n/12.045 ）| \
TU/lmr/bx/n/12.045 Worker \TU/SimSun(0)/m/n/12.045 双 路 径。| \TU/lmtt/m/n/12.045 
CombatDataBridge.initWorker \TU/SimSun(0)/m/n/12.045 失 败、| \TU/lmtt/m/n/12.045 
onerror \TU/SimSun(0)/m/n/12.045 或 \TU/lmtt/m/n/12.045 postMessage
 []


Overfull \hbox (56.57993pt too wide) in paragraph at lines 125--126
[]|\TU/SimSun(0)/m/n/12.045 （\TU/lmr/bx/n/12.045 4\TU/SimSun(0)/m/n/12.045 ）|  
跑 图 生 成 保 底。| \TU/lmtt/m/n/12.045 RunMapGenerator.generate \TU/SimSun(0)/m/n/12
.045 在 最 多 \TU/lmtt/m/n/12.045 RUN_MAP_GENERATION_MAX_RETRIES
 []


Underfull \hbox (badness 1371) in paragraph at lines 144--144
[]\TU/SimSun(0)/m/n/12.045 配 表 \TU/lmr/m/n/12.045 JSON 404
 []


Overfull \hbox (47.47151pt too wide) in paragraph at lines 144--144
[]\TU/lmtt/m/n/12.045 isGameConfigReady()==false| 
 []


Underfull \hbox (badness 10000) in paragraph at lines 145--145
[]\TU/lmr/m/n/12.045 Worker \TU/SimSun(0)/m/n/12.045 初 始
 []


Underfull \hbox (badness 10000) in paragraph at lines 146--146
[]\TU/SimSun(0)/m/n/12.045 实 体 数 低 于
 []


Overfull \hbox (10.25247pt too wide) in paragraph at lines 147--147
[]\TU/lmtt/m/n/12.045 validateActReachBoss| 
 []


Overfull \hbox (72.53322pt too wide) in paragraph at lines 154--155
[]\TU/SimSun(0)/m/n/12.045 暂 停 语 义 统 一：| \TU/lmtt/m/n/12.045 GameSession.paused
 \TU/SimSun(0)/m/n/12.045 同 时 服 务 死 亡 暂 停 与 \TU/lmr/m/n/12.045 Tab \TU/SimSun(0
)/m/n/12.045 装 配 暂 停；| \TU/lmtt/m/n/12.045 RestartPanelSystem
 []


Overfull \hbox (38.48413pt too wide) in paragraph at lines 161--162
[]\TU/SimSun(0)/m/n/12.045 实 体 扩 展：|  新 玩 法 维 度 优 先 新 增 组 件 类 型  |（如 未 来 的 \TU/
lmtt/m/n/12.045 BuffComponent\TU/SimSun(0)/m/n/12.045 、| \TU/lmtt/m/n/12.045 Sh
ieldComponent\TU/SimSun(0)/m/n/12.045 ） ，|
 []


Overfull \hbox (2.58183pt too wide) in paragraph at lines 161--162
\TU/SimSun(0)/m/n/12.045 再 在 独 立 \TU/lmr/m/n/12.045 System \TU/SimSun(0)/m/n/12
.045 中 读 写；|  已 有 \TU/lmtt/m/n/12.045 MonsterTag \TU/SimSun(0)/m/n/12.045 实 体 自
 动 参 与 \TU/lmtt/m/n/12.045 FilterRegistry.Monsters\TU/SimSun(0)/m/n/12.045 ，|
 []

[21]) (chapter05.tex [22]
第5章

Overfull \hbox (32.97404pt too wide) in paragraph at lines 15--16
[]\TU/lmtt/m/n/12.045 AttributeSystem \TU/SimSun(0)/m/n/12.045 支 持 按 来 源 增 删 \T
U/lmr/m/n/12.045 modifier\TU/SimSun(0)/m/n/12.045 ，|  供 \TU/lmr/m/n/12.045 Buff
 \TU/SimSun(0)/m/n/12.045 与 升 级 奖 励 使 用。| \TU/lmtt/m/n/12.045 MovementSystem\TU
/SimSun(0)/m/n/12.045 、|
 []

[23

]
Overfull \hbox (10.25641pt too wide) in paragraph at lines 44--45
\TU/SimSun(0)/m/n/12.045 能。| \TU/lmtt/m/n/12.045 RunMapGenerator \TU/SimSun(0)/
m/n/12.045 生 成 三 幕 \TU/lmr/m/n/12.045 DAG\TU/SimSun(0)/m/n/12.045 ，|  失 败 时 \TU
/lmtt/m/n/12.045 generateFallback\TU/SimSun(0)/m/n/12.045 。| \TU/lmtt/m/n/12.04
5 MetaFlowController
 []


Overfull \hbox (22.21573pt too wide) in paragraph at lines 51--52
\TU/SimSun(0)/m/n/12.045 战 斗 \TU/lmtt/m/n/12.045 Area2D \TU/SimSun(0)/m/n/12.04
5 并 \TU/lmtt/m/n/12.045 demo.init()\TU/SimSun(0)/m/n/12.045 。| \TU/lmtt/m/n/12.
045 RunMapPanelView \TU/SimSun(0)/m/n/12.045 使 用 \TU/lmtt/m/n/12.045 MapNodeIco
nUtil\TU/SimSun(0)/m/n/12.045 、| \TU/lmtt/m/n/12.045 LineLayoutUtil
 []


Overfull \hbox (122.6845pt too wide) in paragraph at lines 55--56
[]\TU/lmtt/m/n/12.045 MainHudSystem\TU/SimSun(0)/m/n/12.045 、| \TU/lmtt/m/n/12.
045 BloodBarSyncSystem \TU/SimSun(0)/m/n/12.045 将 \TU/lmr/m/n/12.045 ECS \TU/Si
mSun(0)/m/n/12.045 中 \TU/lmr/m/n/12.045 hp \TU/SimSun(0)/m/n/12.045 映 射 至 \TU/l
mr/m/n/12.045 ProgressBar\TU/SimSun(0)/m/n/12.045 。| \TU/lmtt/m/n/12.045 SkillS
electPanelController
 []


Overfull \hbox (26.85657pt too wide) in paragraph at lines 55--56
\TU/SimSun(0)/m/n/12.045 槽 落 点。| \TU/lmtt/m/n/12.045 SkillLoadoutSyncSystem \TU
/SimSun(0)/m/n/12.045 关 闭 面 板 时 原 子 写 回 \TU/lmtt/m/n/12.045 Skill \TU/SimSun(0)
/m/n/12.045 与 \TU/lmtt/m/n/12.045 PlayerAutoCastSystem\TU/SimSun(0)/m/n/12.045 
，|
 []


Overfull \hbox (40.51965pt too wide) in paragraph at lines 59--60
\TU/SimSun(0)/m/n/12.045 在 \TU/lmtt/m/n/12.045 hp$\OMS/cmsy/m/n/12.045 ^^T$\TU/
lmr/m/n/12.045 0 \TU/SimSun(0)/m/n/12.045 时 置 \TU/lmtt/m/n/12.045 paused\TU/Sim
Sun(0)/m/n/12.045 ；| \TU/lmtt/m/n/12.045 RestartPanelSystem \TU/SimSun(0)/m/n/1
2.045 经 \TU/lmr/m/n/12.045 UI \TU/SimSun(0)/m/n/12.045 栈 显 示 重 启 面 板；| \TU/lmtt
/m/n/12.045 tryRestartFromSession
 []

[24]
Overfull \hbox (18.16681pt too wide) in paragraph at lines 68--69
\TU/lmtt/m/n/12.045 CombatDataBridge.prepareFrame\TU/SimSun(0)/m/n/12.045 。|  桥
 接 层 在 \TU/lmr/m/n/12.045 Worker \TU/SimSun(0)/m/n/12.045 就 绪 且 实 体 数 达 标 时 \TU
/lmtt/m/n/12.045 postMessage\TU/SimSun(0)/m/n/12.045 ，|
 []


Overfull \hbox (132.5403pt too wide) in paragraph at lines 68--69
\TU/SimSun(0)/m/n/12.045 是 否 存 在 连 锁 弹，|  选 择 应 用 速 度 或 走 完 整 主 线 程 碰 撞。|  性 能 
消 融 可 通 过 \TU/lmtt/m/n/12.045 MetaRunSession.testUseCombatWorker
 []


Overfull \hbox (86.56895pt too wide) in paragraph at lines 79--80
\TU/lmtt/m/n/12.045 BulletSystem |\TU/SimSun(0)/m/n/12.045 （注 入 池 与 桥 接） 、| \TU
/lmtt/m/n/12.045 CombatDataPrepareSystem\TU/SimSun(0)/m/n/12.045 、| \TU/lmtt/m/
n/12.045 SkillSystem\TU/SimSun(0)/m/n/12.045 、| \TU/lmtt/m/n/12.045 MonsterWave
SpawnSystem\TU/SimSun(0)/m/n/12.045 、|
 []


Overfull \hbox (8.80305pt too wide) in paragraph at lines 79--80
\TU/SimSun(0)/m/n/12.045 在 配 表 就 绪 后 按 \TU/lmtt/m/n/12.045 Character \TU/SimSun
(0)/m/n/12.045 行 加 载 玩 家 预 制 体，|  挂 载 \TU/lmtt/m/n/12.045 PlayerTag\TU/SimSun(0
)/m/n/12.045 、| \TU/lmtt/m/n/12.045 Position\TU/SimSun(0)/m/n/12.045 、| \TU/lmt
t/m/n/12.045 Attribute\TU/SimSun(0)/m/n/12.045 、|
 []


Overfull \hbox (18.6206pt too wide) in paragraph at lines 83--84
[]\TU/SimSun(0)/m/n/12.045 每 帧：|  若 \TU/lmtt/m/n/12.045 restarting \TU/SimSun(0
)/m/n/12.045 则 跳 过 重 启 检 测；|  否 则 \TU/lmtt/m/n/12.045 tryRestartFromSession\TU/
SimSun(0)/m/n/12.045 ；|  若 \TU/lmtt/m/n/12.045 isPaused()
 []

[25]
Overfull \hbox (97.83456pt too wide) in paragraph at lines 90--91
[]\TU/SimSun(0)/m/n/12.045 步 骤 \TU/lmr/bx/n/12.045 1\TU/SimSun(0)/m/n/12.045 ：|
 \TU/lmtt/m/n/12.045 Main.onStart $\OMS/cmsy/m/n/12.045 !$ \TU/lmtt/m/n/12.045 
ensureGameConfigLoaded\TU/SimSun(0)/m/n/12.045 。|  步 骤 \TU/lmr/bx/n/12.045 2\TU
/SimSun(0)/m/n/12.045 ：|  元 菜 单 \TU/lmtt/m/n/12.045 UIStackManager.push(Start)\
TU/SimSun(0)/m/n/12.045 ，|
 []


Overfull \hbox (48.0391pt too wide) in paragraph at lines 90--91
\TU/SimSun(0)/m/n/12.045 战 斗 容 器 暂 隐 藏。|  步 骤 \TU/lmr/bx/n/12.045 3\TU/SimSun(0
)/m/n/12.045 ：|  选 关\TU/lmr/m/n/12.045 /\TU/SimSun(0)/m/n/12.045 跑 图 $\OMS/cmsy
/m/n/12.045 !$ \TU/lmtt/m/n/12.045 onEnterCombat $\OMS/cmsy/m/n/12.045 !$ \TU/l
mtt/m/n/12.045 demo.init()\TU/SimSun(0)/m/n/12.045 ，| \TU/lmtt/m/n/12.045 Comba
tSurvivalTimer
 []


Overfull \hbox (6.71565pt too wide) in paragraph at lines 90--91
\TU/SimSun(0)/m/n/12.045 启 动。|  步 骤 \TU/lmr/bx/n/12.045 4\TU/SimSun(0)/m/n/12.0
45 ：|  首 帧 \TU/lmtt/m/n/12.045 ControlSystem\TU/SimSun(0)/m/n/12.045 、| \TU/lmt
t/m/n/12.045 PlayerAutoCastSystem\TU/SimSun(0)/m/n/12.045 、| \TU/lmtt/m/n/12.04
5 MonsterWaveSpawnSystem
 []


Overfull \hbox (29.54852pt too wide) in paragraph at lines 94--95
[]\TU/lmr/m/n/12.045 Tab $\OMS/cmsy/m/n/12.045 !$ \TU/lmtt/m/n/12.045 paused=tr
ue $\OMS/cmsy/m/n/12.045 !$ \TU/SimSun(0)/m/n/12.045 长 按 拖 拽 $\OMS/cmsy/m/n/12.
045 !$ \TU/lmtt/m/n/12.045 SkillLoadoutSyncSystem \TU/SimSun(0)/m/n/12.045 写 回 
$\OMS/cmsy/m/n/12.045 !$ \TU/lmtt/m/n/12.045 paused=false\TU/SimSun(0)/m/n/12.0
45 ，|
 []


Overfull \hbox (72.69342pt too wide) in paragraph at lines 125--126
[]|\TU/lmtt/m/n/12.045 src/game/ui/skillselect/SkillSelectPanelController.ts| 
 []


ignored: Infinite glue shrinkage found in box being split [26]) (chapter06.tex
Overfull \hbox (72.66782pt too wide) in paragraph at lines 156--1
[]\TU/SimSun(0)/m/n/12.045 主 要 难 点 与 对 策 包 括： （\TU/lmr/m/n/12.045 1\TU/SimSun(0
)/m/n/12.045 ）|  配 表 未 同 步 至 \TU/lmtt/m/n/12.045 bin/config \TU/SimSun(0)/m/n/1
2.045 导 致 \TU/lmr/m/n/12.045 404 |\TU/SimSun(0)/m/n/12.045 — —|  以 \TU/lmtt/m/n
/12.045 sync-config-to-bin.ps1
 []


Overfull \hbox (5.04062pt too wide) in paragraph at lines 156--1
\TU/SimSun(0)/m/n/12.045 与 \TU/lmtt/m/n/12.045 isGameConfigReady \TU/SimSun(0)/
m/n/12.045 应 对； （\TU/lmr/m/n/12.045 2\TU/SimSun(0)/m/n/12.045 ）| \TU/lmr/m/n/12
.045 UI2 \TU/SimSun(0)/m/n/12.045 拖 拽 命 中  |— —|  顶 层 代 理 与 \TU/lmtt/m/n/12.045
 SkillSlotHitTest\TU/SimSun(0)/m/n/12.045 ； （\TU/lmr/m/n/12.045 3\TU/SimSun(0)/
m/n/12.045 ）|
 []

[27]
第6章

Overfull \hbox (13.73145pt too wide) in paragraph at lines 19--20
[]\TU/lmtt/m/n/12.045 MonsterChaseSystem \TU/SimSun(0)/m/n/12.045 的 追 逐、|  分 离、
|  摆 动 为 纯 数 值 计 算。| \TU/lmtt/m/n/12.045 CombatDataPrepareSystem
 []


Overfull \hbox (0.56448pt too wide) in paragraph at lines 19--20
\TU/SimSun(0)/m/n/12.045 交 \TU/lmr/m/n/12.045 Worker \TU/SimSun(0)/m/n/12.045 执
 行 \TU/lmtt/m/n/12.045 processCombatFrame\TU/SimSun(0)/m/n/12.045 ；|  主 线 程 与 \
TU/lmr/m/n/12.045 Worker \TU/SimSun(0)/m/n/12.045 共 享 \TU/lmtt/m/n/12.045 comba
tWorkerLogic.ts\TU/SimSun(0)/m/n/12.045 ，|
 []


Overfull \hbox (2.34709pt too wide) in paragraph at lines 21--22
[]\TU/SimSun(0)/m/n/12.045 边 界：|  子 弹 碰 撞、|  连 锁 与 分 裂 依 赖 \TU/lmr/m/n/12.045 L
aya \TU/SimSun(0)/m/n/12.045 节 点 与 阵 营 判 定，|  保 留 主 线 程  |（见 第 []\TU/lmr/m/n/12
.045 5.1[] \TU/SimSun(0)/m/n/12.045 节） 。|
 []

[28

] [29]) (chapter07.tex [30]
第7章

Overfull \hbox (44.89224pt too wide) in paragraph at lines 8--12
\TU/SimSun(0)/m/n/12.045 回 归 清 单：|  修 改 \TU/lmtt/m/n/12.045 FormulaParser\TU/Si
mSun(0)/m/n/12.045 、| \TU/lmtt/m/n/12.045 ComponentStore\TU/SimSun(0)/m/n/12.04
5 、| \TU/lmtt/m/n/12.045 AttributeSystem\TU/SimSun(0)/m/n/12.045 、|  配 表、| \TU/
lmtt/m/n/12.045 CombatDataBridge
 []

[31

]
Overfull \hbox (40.44684pt too wide) in paragraph at lines 56--59
[]\TU/SimSun(0)/m/n/12.045 跑 图 可 达 性：|  对 \TU/lmtt/m/n/12.045 RunMapGenerator.g
enerate \TU/SimSun(0)/m/n/12.045 多 次 随 机 种 子 断 言 \TU/lmtt/m/n/12.045 validateAc
tReachBoss\TU/SimSun(0)/m/n/12.045 ；|
 []


Overfull \hbox (67.62718pt too wide) in paragraph at lines 56--59
\TU/SimSun(0)/m/n/12.045 装 配 同 步：|  互 换 装 备 栏 技 能 后，|  下 一 冷 却 周 期 伤 害\TU/lmr/m
/n/12.045 /\TU/SimSun(0)/m/n/12.045 图 标 与 装 配 一 致，|  否 则 \TU/lmtt/m/n/12.045 Sk
illLoadoutSyncSystem
 []

[32] [33] [34] [35]) (chapter08.tex [36]
第8章

Overfull \hbox (2.94225pt too wide) in paragraph at lines 6--7
[]\TU/SimSun(0)/m/n/12.045 本 文 围 绕 \TU/lmr/bx/n/12.045 Survivor And Fight\TU/Si
mSun(0)/m/n/12.045 ，|  在 \TU/lmr/m/n/12.045 LayaAir 3.x \TU/SimSun(0)/m/n/12.04
5 与 \TU/lmr/m/n/12.045 TypeScript \TU/SimSun(0)/m/n/12.045 上 完 成 了 \TU/lmr/m/n/
12.045 Roguelite
 []

[37

]) (acknowledgement.tex [38]) [39

] (main.bbl [40


]) [41] (appendix.tex
[42


]
附录 A
[43

]
附录 B

Overfull \hbox (36.20584pt too wide) in paragraph at lines 31--32
[]\TU/SimSun(0)/m/n/12.045 完 整 \TU/lmr/m/n/12.045 JSON \TU/SimSun(0)/m/n/12.045
 见 项 目 \TU/lmtt/m/n/12.045 docs/config/ \TU/SimSun(0)/m/n/12.045 目 录；|  运 行 前 须
 执 行 \TU/lmtt/m/n/12.045 tools/sync-config-to-bin.ps1
 []

[44

]
附录 C

Underfull \hbox (badness 1424) in paragraph at lines 48--48
[]|\TU/SimSun(0)/m/n/12.045 实 体 销 毁 时 清 理 全 部
 []


Underfull \hbox (badness 1424) in paragraph at lines 49--49
[]|\TU/SimSun(0)/m/n/12.045 系 统 按 分 组 与 优 先 级
 []


Underfull \hbox (badness 10000) in paragraph at lines 50--50
[]|\TU/lmr/m/n/12.045 R-SKILL-
 []


Underfull \hbox (badness 1424) in paragraph at lines 50--50
[]|\TU/SimSun(0)/m/n/12.045 三 装 备 栏 独 立 冷 却 与
 []


Underfull \hbox (badness 10000) in paragraph at lines 51--51
[]|\TU/lmr/m/n/12.045 R-SKILL-
 []


Underfull \hbox (badness 10000) in paragraph at lines 52--52
[]|\TU/lmr/m/n/12.045 R-SKILL-
 []


Underfull \hbox (badness 1424) in paragraph at lines 52--52
[]|\TU/SimSun(0)/m/n/12.045 拖 拽 装 配 写 回 战 斗 实
 []


Underfull \hbox (badness 10000) in paragraph at lines 53--53
[]|\TU/lmr/m/n/12.045 R-
 []


Underfull \hbox (badness 10000) in paragraph at lines 53--53
\TU/lmr/m/n/12.045 BULLET-
 []


Underfull \hbox (badness 6220) in paragraph at lines 53--53
[]|\TU/SimSun(0)/m/n/12.045 穿 透\TU/lmr/m/n/12.045 /\TU/SimSun(0)/m/n/12.045 分 裂
\TU/lmr/m/n/12.045 /\TU/SimSun(0)/m/n/12.045 连 锁 按 配
 []


Underfull \hbox (badness 10000) in paragraph at lines 55--55
[]|\TU/lmr/m/n/12.045 R-META-
 []


Underfull \hbox (badness 1424) in paragraph at lines 55--55
[]|\TU/SimSun(0)/m/n/12.045 主 菜 单 进 入 战 斗 与 计
 []


Underfull \hbox (badness 1424) in paragraph at lines 57--57
[]|\TU/SimSun(0)/m/n/12.045 对 象 池 降 低 帧 时 间 尖
 []


Underfull \hbox (badness 10000) in paragraph at lines 58--58
[]|\TU/SimSun(0)/m/n/12.045 动 态 图 集 提 升 千 怪
 []

[45

]
附录 D

Overfull \hbox (7.29295pt too wide) in paragraph at lines 70--81
 [][] 
 []

) [46

] (main.aux)
 ***********
LaTeX2e <2025-11-01>
L3 programming layer <2022/07/14>
 ***********


LaTeX Font Warning: Size substitutions with differences
(Font)              up to 1.22pt have occurred.


LaTeX Font Warning: Some font shapes were not available, defaults substituted.

Package rerunfilecheck Info: File `main.out' has not changed.
(rerunfilecheck)             Checksum: C5725D2DB99A182106F2B98AD1025DC1;14618.
 ) 
Here is how much of TeX's memory you used:
 19347 strings out of 402807
 445738 string characters out of 5445135
 855559 words of memory out of 5000000
 47936 multiletter control sequences out of 15000+600000
 637425 words of font info for 122 fonts, out of 8000000 for 9000
 1348 hyphenation exceptions out of 8191
 93i,12n,121p,1191b,684s stack positions out of 10000i,1000n,20000p,200000b,200000s

Output written on main.pdf (57 pages).
